******************************************************************************
                  MSP430 Linker PC v4.2.1                      
******************************************************************************
>> Linked Sat Jul 19 20:04:01 2014

OUTPUT FILE NAME:   <ScienceFairGrace010214.out>
ENTRY POINT SYMBOL: "_c_int00"  address: 0000cb56


MEMORY CONFIGURATION

         name            origin    length      used     unused   attr    fill
----------------------  --------  ---------  --------  --------  ----  --------
  SFR                   00000000   00000010  00000000  00000010  RWIX
  PERIPHERALS_8BIT      00000010   000000f0  00000000  000000f0  RWIX
  PERIPHERALS_16BIT     00000100   00000100  00000000  00000100  RWIX
  RAM                   00000200   00000200  000000dc  00000124  RWIX
  INFOD                 00001000   00000040  00000000  00000040  RWIX
  INFOC                 00001040   00000040  00000000  00000040  RWIX
  INFOB                 00001080   00000040  00000000  00000040  RWIX
  INFOA                 000010c0   00000040  00000000  00000040  RWIX
  FLASH                 0000c000   00003fe0  00000da6  0000323a  RWIX
  INT00                 0000ffe0   00000002  00000000  00000002  RWIX
  INT01                 0000ffe2   00000002  00000000  00000002  RWIX
  INT02                 0000ffe4   00000002  00000002  00000000  RWIX
  INT03                 0000ffe6   00000002  00000002  00000000  RWIX
  INT04                 0000ffe8   00000002  00000000  00000002  RWIX
  INT05                 0000ffea   00000002  00000002  00000000  RWIX
  INT06                 0000ffec   00000002  00000002  00000000  RWIX
  INT07                 0000ffee   00000002  00000002  00000000  RWIX
  INT08                 0000fff0   00000002  00000002  00000000  RWIX
  INT09                 0000fff2   00000002  00000002  00000000  RWIX
  INT10                 0000fff4   00000002  00000002  00000000  RWIX
  INT11                 0000fff6   00000002  00000002  00000000  RWIX
  INT12                 0000fff8   00000002  00000002  00000000  RWIX
  INT13                 0000fffa   00000002  00000002  00000000  RWIX
  INT14                 0000fffc   00000002  00000002  00000000  RWIX
  RESET                 0000fffe   00000002  00000002  00000000  RWIX


SECTION ALLOCATION MAP

 output                                  attributes/
section   page    origin      length       input sections
--------  ----  ----------  ----------   ----------------
xdc.meta   0    00000000    000000f4     COPY SECTION
                  00000000    000000f4     main_pe430.oe430 (xdc.meta)

.init_array 
*          0    0000c000    00000000     UNINITIALIZED

.data      0    00000200    00000074     UNINITIALIZED
                  00000200    00000016     main.obj (.data:send_array)
                  00000216    00000012     grace.lib : InterruptVectors_init.obj (.data:Rstorage_buffer)
                  00000228    00000012     main.obj (.data:recbuffer)
                  0000023a    00000012     grace.lib : InterruptVectors_init.obj (.data:receive_buffer)
                  0000024c    00000010     main.obj (.data:TMPADDR)
                  0000025c    0000000a     main.obj (.data:setpoint)
                  00000266    0000000a     main.obj (.data:speed)
                  00000270    00000002     grace.lib : InterruptVectors_init.obj (.data)
                  00000272    00000002     main.obj (.data:read_buffer_iic)

.TI.persistent 
*          0    00000200    00000000     UNINITIALIZED

.bss       0    00000274    00000028     UNINITIALIZED
                  00000274    0000000a     (.common:buff)
                  0000027e    00000004     (.common:dummytemp)
                  00000282    00000002     (.common:aaa)
                  00000284    00000002     (.common:e)
                  00000286    00000002     (.common:j)
                  00000288    00000002     (.common:o)
                  0000028a    00000002     (.common:p)
                  0000028c    00000002     (.common:set)
                  0000028e    00000002     (.common:speed1)
                  00000290    00000002     (.common:t)
                  00000292    00000002     (.common:t1)
                  00000294    00000002     (.common:tempHigh)
                  00000296    00000002     (.common:tempLow)
                  00000298    00000002     (.common:u)
                  0000029a    00000001     (.common:ACK_Flag1)
                  0000029b    00000001     (.common:R_word)

.TI.noinit 
*          0    00000274    00000000     UNINITIALIZED

.stack     0    000003c0    00000040     UNINITIALIZED
                  000003c0    00000002     ti.targets.msp430.rts430.ae430 : boot.oe430 (.stack)
                  000003c2    0000003e     --HOLE--

.text      0    0000c000    00000d60     
                  0000c000    000003b2     main.obj (.text:main)
                  0000c3b2    00000116     rts430_eabi.lib : _printfi_min.obj (.text:_setfield)
                  0000c4c8    000000ca                     : _printfi_min.obj (.text:__TI_printfi_minimal)
                  0000c592    000000c2                     : fs_mpy.obj (.text)
                  0000c654    0000006a     ti.targets.msp430.rts430.ae430 : autoinit.oe430 (.text:_auto_init)
                  0000c6be    00000068     rts430_eabi.lib : fs_toi.obj (.text)
                  0000c726    00000062     main.obj (.text:I2C_75_Read)
                  0000c788    0000005e     rts430_eabi.lib : copy_decompress_rle.obj (.text:__TI_decompress_rle_core)
                  0000c7e6    00000056                     : _printfi_min.obj (.text:_ltostr)
                  0000c83c    00000052     grace.lib : InterruptVectors_init.obj (.text:USCI0RX_ISR_HOOK)
                  0000c88e    0000004e     rts430_eabi.lib : _printfi_min.obj (.text:_pproc_diouxp)
                  0000c8dc    0000004c                     : lsr16.obj (.text)
                  0000c928    00000046                     : _printfi_min.obj (.text:_pproc_str)
                  0000c96e    0000003e     grace.lib : GPIO_init.obj (.text:GPIO_graceInit)
                  0000c9ac    0000003c     main.obj (.text:Receive_Byte)
                  0000c9e8    00000038     rts430_eabi.lib : sprintf.obj (.text:sprintf)
                  0000ca20    00000036                     : fs_itof.obj (.text)
                  0000ca56    00000030     main.obj (.text:Send_Byte)
                  0000ca86    0000002e     rts430_eabi.lib : _printfi_min.obj (.text:_getarg_diouxp)
                  0000cab4    0000002c                     : asr16.obj (.text)
                  0000cae0    00000028     grace.lib : BCSplus_init.obj (.text:BCSplus_graceInit)
                  0000cb08    00000028     main.obj (.text:I2C_75_write)
                  0000cb30    00000026     main.obj (.text:Start)
                  0000cb56    00000026     ti.targets.msp430.rts430.ae430 : boot.oe430 (.text:_c_int00_noexit)
                  0000cb7c    00000024     main.obj (.text:ACK)
                  0000cba0    00000024     grace.lib : Grace_init.obj (.text:Grace_init)
                  0000cbc4    00000020     main.obj (.text:Stop)
                  0000cbe4    0000001c     rts430_eabi.lib : memccpy.obj (.text:memccpy)
                  0000cc00    0000001a     main.obj (.text:ACK_0)
                  0000cc1a    0000001a     grace.lib : USCI_A0_init.obj (.text:USCI_A0_graceInit)
                  0000cc34    0000001a     rts430_eabi.lib : sprintf.obj (.text:_outs)
                  0000cc4e    00000018                     : _printfi_min.obj (.text:_div)
                  0000cc66    00000016                     : div16u.obj (.text)
                  0000cc7c    00000014     grace.lib : System_init.obj (.text:System_graceInit)
                  0000cc90    00000014               : Timer1_A3_init.obj (.text:Timer1_A3_graceInit)
                  0000cca4    00000014     rts430_eabi.lib : copy_zero_init.obj (.text:decompress:ZI:__TI_zero_init)
                  0000ccb8    00000014                     : memset.obj (.text:memset)
                  0000cccc    00000014                     : mult16.obj (.text)
                  0000cce0    00000012                     : sprintf.obj (.text:_outc)
                  0000ccf2    00000012                     : copy_decompress_none.obj (.text:decompress:none:__TI_decompress_none)
                  0000cd04    00000012                     : memcpy.obj (.text:memcpy)
                  0000cd16    00000010                     : epilog.obj (.text)
                  0000cd26    0000000e                     : strlen.obj (.text:strlen)
                  0000cd34    00000008     grace.lib : WDTplus_init.obj (.text:WDTplus_graceInit)
                  0000cd3c    00000008               : InterruptVectors_init.obj (.text:foo)
                  0000cd44    00000006               : InterruptVectors_init.obj (.text:WDT_ISR_HOOK)
                  0000cd4a    00000006     rts430_eabi.lib : isr_trap.obj (.text:__TI_ISR_TRAP)
                  0000cd50    00000006                     : copy_decompress_rle.obj (.text:decompress:rle24:__TI_decompress_rle24)
                  0000cd56    00000004     ti.targets.msp430.rts430.ae430 : pre_init.oe430 (.text:_system_pre_init)
                  0000cd5a    00000004     rts430_eabi.lib : exit.obj (.text:abort)
                  0000cd5e    00000002     grace.lib : InterruptVectors_init.obj (.text:InterruptVectors_graceInit)

.const     0    0000cd60    00000018     
                  0000cd60    00000014     rts430_eabi.lib : _printfi_min.obj (.const:.string)
                  0000cd74    00000004     main.obj (.const:.string)

.cinit     0    0000cd78    0000002e     
                  0000cd78    0000001b     (.cinit..data.load) [load image, compression = rle]
                  0000cd93    00000001     --HOLE-- [fill = 0]
                  0000cd94    00000006     (__TI_handler_table)
                  0000cd9a    00000004     (.cinit..bss.load) [load image, compression = zero_init]
                  0000cd9e    00000008     (__TI_cinit_table)

PORT1      0    0000ffe4    00000002     
                  0000ffe4    00000002     rts430_eabi.lib : int02.obj (.int02)

PORT2      0    0000ffe6    00000002     
                  0000ffe6    00000002     rts430_eabi.lib : int03.obj (.int03)

ADC10      0    0000ffea    00000002     
                  0000ffea    00000002     rts430_eabi.lib : int05.obj (.int05)

USCIAB0TX 
*          0    0000ffec    00000002     
                  0000ffec    00000002     rts430_eabi.lib : int06.obj (.int06)

USCIAB0RX 
*          0    0000ffee    00000002     
                  0000ffee    00000002     grace.lib : InterruptVectors_init.obj (.int07)

TIMER0_A1 
*          0    0000fff0    00000002     
                  0000fff0    00000002     rts430_eabi.lib : int08.obj (.int08)

TIMER0_A0 
*          0    0000fff2    00000002     
                  0000fff2    00000002     rts430_eabi.lib : int09.obj (.int09)

WDT        0    0000fff4    00000002     
                  0000fff4    00000002     grace.lib : InterruptVectors_init.obj (.int10)

COMPARATORA 
*          0    0000fff6    00000002     
                  0000fff6    00000002     rts430_eabi.lib : int11.obj (.int11)

TIMER1_A1 
*          0    0000fff8    00000002     
                  0000fff8    00000002     rts430_eabi.lib : int12.obj (.int12)

TIMER1_A0 
*          0    0000fffa    00000002     
                  0000fffa    00000002     rts430_eabi.lib : int13.obj (.int13)

NMI        0    0000fffc    00000002     
                  0000fffc    00000002     rts430_eabi.lib : int14.obj (.int14)

.reset     0    0000fffe    00000002     
                  0000fffe    00000002     ti.targets.msp430.rts430.ae430 : boot.oe430 (.reset)


LINKER GENERATED COPY TABLES

__TI_cinit_table @ 0000cd9e records: 2, size/record: 4, table size: 8
	.data: load addr=0000cd78, load size=0000001b bytes, run addr=00000200, run size=00000074 bytes, compression=rle
	.bss: load addr=0000cd9a, load size=00000004 bytes, run addr=00000274, run size=00000028 bytes, compression=zero_init


LINKER GENERATED HANDLER TABLE

__TI_handler_table @ 0000cd94 records: 3, size/record: 2, table size: 6
	index: 0, handler: __TI_zero_init
	index: 1, handler: __TI_decompress_rle24
	index: 2, handler: __TI_decompress_none


GLOBAL SYMBOLS: SORTED ALPHABETICALLY BY Name 

address    name
--------   ----
0000cb7c   ACK
0000cc00   ACK_0
0000029a   ACK_Flag1
0000004a   ADC10AE0
000001b0   ADC10CTL0
000001b2   ADC10CTL1
00000048   ADC10DTC0
00000049   ADC10DTC1
000001b4   ADC10MEM
000001bc   ADC10SA
00000057   BCSCTL1
00000058   BCSCTL2
00000053   BCSCTL3
0000cae0   BCSplus_graceInit
0000cd5a   C$$EXIT
00000059   CACTL1
0000005a   CACTL2
000010fb   CALBC1_12MHZ
000010f9   CALBC1_16MHZ
000010ff   CALBC1_1MHZ
000010fd   CALBC1_8MHZ
000010fa   CALDCO_12MHZ
000010f8   CALDCO_16MHZ
000010fe   CALDCO_1MHZ
000010fc   CALDCO_8MHZ
0000005b   CAPD
00000056   DCOCTL
00000128   FCTL1
0000012a   FCTL2
0000012c   FCTL3
0000c96e   GPIO_graceInit
0000cba0   Grace_init
0000c726   I2C_75_Read
0000cb08   I2C_75_write
00000000   IE1
00000001   IE2
00000002   IFG1
00000003   IFG2
0000cd5e   InterruptVectors_graceInit
00000022   P1DIR
00000025   P1IE
00000024   P1IES
00000023   P1IFG
00000020   P1IN
00000021   P1OUT
00000027   P1REN
00000026   P1SEL
00000041   P1SEL2
0000002a   P2DIR
0000002d   P2IE
0000002c   P2IES
0000002b   P2IFG
00000028   P2IN
00000029   P2OUT
0000002f   P2REN
0000002e   P2SEL
00000042   P2SEL2
0000001a   P3DIR
00000018   P3IN
00000019   P3OUT
00000010   P3REN
0000001b   P3SEL
00000043   P3SEL2
0000029b   R_word
0000c9ac   Receive_Byte
00000216   Rstorage_buffer
0000ca56   Send_Byte
0000cb30   Start
0000cbc4   Stop
0000cc7c   System_graceInit
00000172   TA0CCR0
00000174   TA0CCR1
00000176   TA0CCR2
00000162   TA0CCTL0
00000164   TA0CCTL1
00000166   TA0CCTL2
00000160   TA0CTL
0000012e   TA0IV
00000170   TA0R
00000192   TA1CCR0
00000194   TA1CCR1
00000196   TA1CCR2
00000182   TA1CCTL0
00000184   TA1CCTL1
00000186   TA1CCTL2
00000180   TA1CTL
0000011e   TA1IV
00000190   TA1R
0000024c   TMPADDR
0000cc90   Timer1_A3_graceInit
0000005d   UCA0ABCTL
00000062   UCA0BR0
00000063   UCA0BR1
00000060   UCA0CTL0
00000061   UCA0CTL1
0000005f   UCA0IRRCTL
0000005e   UCA0IRTCTL
00000064   UCA0MCTL
00000066   UCA0RXBUF
00000065   UCA0STAT
00000067   UCA0TXBUF
0000006a   UCB0BR0
0000006b   UCB0BR1
00000068   UCB0CTL0
00000069   UCB0CTL1
0000006c   UCB0I2CIE
00000118   UCB0I2COA
0000011a   UCB0I2CSA
0000006e   UCB0RXBUF
0000006d   UCB0STAT
0000006f   UCB0TXBUF
0000c83c   USCI0RX_ISR_HOOK
0000cc1a   USCI_A0_graceInit
00000120   WDTCTL
0000cd44   WDT_ISR_HOOK
0000cd34   WDTplus_graceInit
00000000   __ASM__
0000006a   __ISA__
0000007c   __PLAT__
00000400   __STACK_END
00000040   __STACK_SIZE
000000a0   __TARG__
0000cd9e   __TI_CINIT_Base
0000cda6   __TI_CINIT_Limit
0000cd94   __TI_Handler_Table_Base
0000cd9a   __TI_Handler_Table_Limit
UNDEFED    __TI_INITARRAY_Base
UNDEFED    __TI_INITARRAY_Limit
0000cd4a   __TI_ISR_TRAP
00000001   __TI_args_main
0000ccf2   __TI_decompress_none
0000cd50   __TI_decompress_rle24
00000001   __TI_exit
0000ffe4   __TI_int02
0000ffe6   __TI_int03
0000ffea   __TI_int05
0000ffec   __TI_int06
0000ffee   __TI_int07
0000fff0   __TI_int08
0000fff2   __TI_int09
0000fff4   __TI_int10
0000fff6   __TI_int11
0000fff8   __TI_int12
0000fffa   __TI_int13
0000fffc   __TI_int14
0000c4c8   __TI_printfi_minimal
0000cca4   __TI_zero_init
000000cc   __TRDR__
ffffffff   __binit__
ffffffff   __c_args__
0000cc66   __mspabi_divu
0000c6be   __mspabi_fixfi
0000ca20   __mspabi_fltif
0000cd22   __mspabi_func_epilog_1
0000cd20   __mspabi_func_epilog_2
0000cd1e   __mspabi_func_epilog_3
0000cd1c   __mspabi_func_epilog_4
0000cd1a   __mspabi_func_epilog_5
0000cd18   __mspabi_func_epilog_6
0000cd16   __mspabi_func_epilog_7
0000c592   __mspabi_mpyf
0000cccc   __mspabi_mpyi
0000cc66   __mspabi_remu
0000cab4   __mspabi_srai
0000cadc   __mspabi_srai_1
0000caca   __mspabi_srai_10
0000cac8   __mspabi_srai_11
0000cac6   __mspabi_srai_12
0000cac4   __mspabi_srai_13
0000cac2   __mspabi_srai_14
0000cac0   __mspabi_srai_15
0000cada   __mspabi_srai_2
0000cad8   __mspabi_srai_3
0000cad6   __mspabi_srai_4
0000cad4   __mspabi_srai_5
0000cad2   __mspabi_srai_6
0000cad0   __mspabi_srai_7
0000cace   __mspabi_srai_8
0000cacc   __mspabi_srai_9
0000c8dc   __mspabi_srli
0000c922   __mspabi_srli_1
0000c8fe   __mspabi_srli_10
0000c8fa   __mspabi_srli_11
0000c8f6   __mspabi_srli_12
0000c8f2   __mspabi_srli_13
0000c8ee   __mspabi_srli_14
0000c8ea   __mspabi_srli_15
0000c91e   __mspabi_srli_2
0000c91a   __mspabi_srli_3
0000c916   __mspabi_srli_4
0000c912   __mspabi_srli_5
0000c90e   __mspabi_srli_6
0000c90a   __mspabi_srli_7
0000c906   __mspabi_srli_8
0000c902   __mspabi_srli_9
0000c654   _auto_init
0000cb56   _c_int00
0000cb56   _c_int00_noexit
0000fffe   _reset_vector
000003c0   _stack
0000cd56   _system_pre_init
00000282   aaa
0000cd5a   abort
ffffffff   binit
00000274   buff
00000270   counter
0000027e   dummytemp
00000284   e
0000cd3c   foo
00000286   j
0000c000   main
0000cbe4   memccpy
0000cd04   memcpy
0000ccb8   memset
00000288   o
0000028a   p
00000272   read_buffer_iic
00000228   recbuffer
0000023a   receive_buffer
00000200   send_array
0000028c   set
0000025c   setpoint
00000266   speed
0000028e   speed1
0000c9e8   sprintf
0000cd26   strlen
00000290   t
00000292   t1
00000294   tempHigh
00000296   tempLow
00000298   u
00000000   xdc_runtime_Startup__EXECFXN__C
00000000   xdc_runtime_Startup__RESETFXN__C
00000000   xdc_runtime_Startup_exec__E
00000000   xdc_runtime_Startup_reset__I


GLOBAL SYMBOLS: SORTED BY Symbol Address 

address    name
--------   ----
00000000   IE1
00000000   __ASM__
00000000   xdc_runtime_Startup__EXECFXN__C
00000000   xdc_runtime_Startup__RESETFXN__C
00000000   xdc_runtime_Startup_exec__E
00000000   xdc_runtime_Startup_reset__I
00000001   IE2
00000001   __TI_args_main
00000001   __TI_exit
00000002   IFG1
00000003   IFG2
00000010   P3REN
00000018   P3IN
00000019   P3OUT
0000001a   P3DIR
0000001b   P3SEL
00000020   P1IN
00000021   P1OUT
00000022   P1DIR
00000023   P1IFG
00000024   P1IES
00000025   P1IE
00000026   P1SEL
00000027   P1REN
00000028   P2IN
00000029   P2OUT
0000002a   P2DIR
0000002b   P2IFG
0000002c   P2IES
0000002d   P2IE
0000002e   P2SEL
0000002f   P2REN
00000040   __STACK_SIZE
00000041   P1SEL2
00000042   P2SEL2
00000043   P3SEL2
00000048   ADC10DTC0
00000049   ADC10DTC1
0000004a   ADC10AE0
00000053   BCSCTL3
00000056   DCOCTL
00000057   BCSCTL1
00000058   BCSCTL2
00000059   CACTL1
0000005a   CACTL2
0000005b   CAPD
0000005d   UCA0ABCTL
0000005e   UCA0IRTCTL
0000005f   UCA0IRRCTL
00000060   UCA0CTL0
00000061   UCA0CTL1
00000062   UCA0BR0
00000063   UCA0BR1
00000064   UCA0MCTL
00000065   UCA0STAT
00000066   UCA0RXBUF
00000067   UCA0TXBUF
00000068   UCB0CTL0
00000069   UCB0CTL1
0000006a   UCB0BR0
0000006a   __ISA__
0000006b   UCB0BR1
0000006c   UCB0I2CIE
0000006d   UCB0STAT
0000006e   UCB0RXBUF
0000006f   UCB0TXBUF
0000007c   __PLAT__
000000a0   __TARG__
000000cc   __TRDR__
00000118   UCB0I2COA
0000011a   UCB0I2CSA
0000011e   TA1IV
00000120   WDTCTL
00000128   FCTL1
0000012a   FCTL2
0000012c   FCTL3
0000012e   TA0IV
00000160   TA0CTL
00000162   TA0CCTL0
00000164   TA0CCTL1
00000166   TA0CCTL2
00000170   TA0R
00000172   TA0CCR0
00000174   TA0CCR1
00000176   TA0CCR2
00000180   TA1CTL
00000182   TA1CCTL0
00000184   TA1CCTL1
00000186   TA1CCTL2
00000190   TA1R
00000192   TA1CCR0
00000194   TA1CCR1
00000196   TA1CCR2
000001b0   ADC10CTL0
000001b2   ADC10CTL1
000001b4   ADC10MEM
000001bc   ADC10SA
00000200   send_array
00000216   Rstorage_buffer
00000228   recbuffer
0000023a   receive_buffer
0000024c   TMPADDR
0000025c   setpoint
00000266   speed
00000270   counter
00000272   read_buffer_iic
00000274   buff
0000027e   dummytemp
00000282   aaa
00000284   e
00000286   j
00000288   o
0000028a   p
0000028c   set
0000028e   speed1
00000290   t
00000292   t1
00000294   tempHigh
00000296   tempLow
00000298   u
0000029a   ACK_Flag1
0000029b   R_word
000003c0   _stack
00000400   __STACK_END
000010f8   CALDCO_16MHZ
000010f9   CALBC1_16MHZ
000010fa   CALDCO_12MHZ
000010fb   CALBC1_12MHZ
000010fc   CALDCO_8MHZ
000010fd   CALBC1_8MHZ
000010fe   CALDCO_1MHZ
000010ff   CALBC1_1MHZ
0000c000   main
0000c4c8   __TI_printfi_minimal
0000c592   __mspabi_mpyf
0000c654   _auto_init
0000c6be   __mspabi_fixfi
0000c726   I2C_75_Read
0000c83c   USCI0RX_ISR_HOOK
0000c8dc   __mspabi_srli
0000c8ea   __mspabi_srli_15
0000c8ee   __mspabi_srli_14
0000c8f2   __mspabi_srli_13
0000c8f6   __mspabi_srli_12
0000c8fa   __mspabi_srli_11
0000c8fe   __mspabi_srli_10
0000c902   __mspabi_srli_9
0000c906   __mspabi_srli_8
0000c90a   __mspabi_srli_7
0000c90e   __mspabi_srli_6
0000c912   __mspabi_srli_5
0000c916   __mspabi_srli_4
0000c91a   __mspabi_srli_3
0000c91e   __mspabi_srli_2
0000c922   __mspabi_srli_1
0000c96e   GPIO_graceInit
0000c9ac   Receive_Byte
0000c9e8   sprintf
0000ca20   __mspabi_fltif
0000ca56   Send_Byte
0000cab4   __mspabi_srai
0000cac0   __mspabi_srai_15
0000cac2   __mspabi_srai_14
0000cac4   __mspabi_srai_13
0000cac6   __mspabi_srai_12
0000cac8   __mspabi_srai_11
0000caca   __mspabi_srai_10
0000cacc   __mspabi_srai_9
0000cace   __mspabi_srai_8
0000cad0   __mspabi_srai_7
0000cad2   __mspabi_srai_6
0000cad4   __mspabi_srai_5
0000cad6   __mspabi_srai_4
0000cad8   __mspabi_srai_3
0000cada   __mspabi_srai_2
0000cadc   __mspabi_srai_1
0000cae0   BCSplus_graceInit
0000cb08   I2C_75_write
0000cb30   Start
0000cb56   _c_int00
0000cb56   _c_int00_noexit
0000cb7c   ACK
0000cba0   Grace_init
0000cbc4   Stop
0000cbe4   memccpy
0000cc00   ACK_0
0000cc1a   USCI_A0_graceInit
0000cc66   __mspabi_divu
0000cc66   __mspabi_remu
0000cc7c   System_graceInit
0000cc90   Timer1_A3_graceInit
0000cca4   __TI_zero_init
0000ccb8   memset
0000cccc   __mspabi_mpyi
0000ccf2   __TI_decompress_none
0000cd04   memcpy
0000cd16   __mspabi_func_epilog_7
0000cd18   __mspabi_func_epilog_6
0000cd1a   __mspabi_func_epilog_5
0000cd1c   __mspabi_func_epilog_4
0000cd1e   __mspabi_func_epilog_3
0000cd20   __mspabi_func_epilog_2
0000cd22   __mspabi_func_epilog_1
0000cd26   strlen
0000cd34   WDTplus_graceInit
0000cd3c   foo
0000cd44   WDT_ISR_HOOK
0000cd4a   __TI_ISR_TRAP
0000cd50   __TI_decompress_rle24
0000cd56   _system_pre_init
0000cd5a   C$$EXIT
0000cd5a   abort
0000cd5e   InterruptVectors_graceInit
0000cd94   __TI_Handler_Table_Base
0000cd9a   __TI_Handler_Table_Limit
0000cd9e   __TI_CINIT_Base
0000cda6   __TI_CINIT_Limit
0000ffe4   __TI_int02
0000ffe6   __TI_int03
0000ffea   __TI_int05
0000ffec   __TI_int06
0000ffee   __TI_int07
0000fff0   __TI_int08
0000fff2   __TI_int09
0000fff4   __TI_int10
0000fff6   __TI_int11
0000fff8   __TI_int12
0000fffa   __TI_int13
0000fffc   __TI_int14
0000fffe   _reset_vector
ffffffff   __binit__
ffffffff   __c_args__
ffffffff   binit
UNDEFED    __TI_INITARRAY_Base
UNDEFED    __TI_INITARRAY_Limit

[235 symbols]
