<?xml version="1.0"?>
<link_info>
   <banner>MSP430 Linker PC v4.2.1</banner>
   <copyright>Copyright (c) 2003-2013 Texas Instruments Incorporated</copyright>
   <link_time>0x53cb1581</link_time>
   <link_errors>0x0</link_errors>
   <output_file>ScienceFairGrace010214.out</output_file>
   <entry_point>
      <name>_c_int00</name>
      <address>0xcb56</address>
   </entry_point>
   <input_file_list>
      <input_file id="fl-3">
         <path>C:\MSP430_LaunchPad\Workspace\ScienceFairGrace010214\Debug\configPkg\package\cfg\</path>
         <kind>object</kind>
         <file>main_pe430.oe430</file>
         <name>main_pe430.oe430</name>
      </input_file>
      <input_file id="fl-7">
         <path>.\</path>
         <kind>object</kind>
         <file>main.obj</file>
         <name>main.obj</name>
      </input_file>
      <input_file id="fl-c">
         <path>C:\ti\grace_2_20_01_12\packages\ti\targets\msp430\rts430\lib\</path>
         <kind>archive</kind>
         <file>ti.targets.msp430.rts430.ae430</file>
         <name>boot.oe430</name>
      </input_file>
      <input_file id="fl-d">
         <path>C:\ti\grace_2_20_01_12\packages\ti\targets\msp430\rts430\lib\</path>
         <kind>archive</kind>
         <file>ti.targets.msp430.rts430.ae430</file>
         <name>pre_init.oe430</name>
      </input_file>
      <input_file id="fl-e">
         <path>C:\ti\grace_2_20_01_12\packages\ti\targets\msp430\rts430\lib\</path>
         <kind>archive</kind>
         <file>ti.targets.msp430.rts430.ae430</file>
         <name>autoinit.oe430</name>
      </input_file>
      <input_file id="fl-f">
         <path>C:\MSP430_LaunchPad\Workspace\ScienceFairGrace010214\src\grace\</path>
         <kind>archive</kind>
         <file>grace.lib</file>
         <name>InterruptVectors_init.obj</name>
      </input_file>
      <input_file id="fl-25">
         <path>C:\ti\ccsv5\tools\compiler\msp430_4.2.1\lib\</path>
         <kind>archive</kind>
         <file>rts430_eabi.lib</file>
         <name>args_main.obj</name>
      </input_file>
      <input_file id="fl-26">
         <path>C:\ti\ccsv5\tools\compiler\msp430_4.2.1\lib\</path>
         <kind>archive</kind>
         <file>rts430_eabi.lib</file>
         <name>asr16.obj</name>
      </input_file>
      <input_file id="fl-27">
         <path>C:\ti\ccsv5\tools\compiler\msp430_4.2.1\lib\</path>
         <kind>archive</kind>
         <file>rts430_eabi.lib</file>
         <name>copy_decompress_none.obj</name>
      </input_file>
      <input_file id="fl-28">
         <path>C:\ti\ccsv5\tools\compiler\msp430_4.2.1\lib\</path>
         <kind>archive</kind>
         <file>rts430_eabi.lib</file>
         <name>copy_decompress_rle.obj</name>
      </input_file>
      <input_file id="fl-29">
         <path>C:\ti\ccsv5\tools\compiler\msp430_4.2.1\lib\</path>
         <kind>archive</kind>
         <file>rts430_eabi.lib</file>
         <name>copy_zero_init.obj</name>
      </input_file>
      <input_file id="fl-2a">
         <path>C:\ti\ccsv5\tools\compiler\msp430_4.2.1\lib\</path>
         <kind>archive</kind>
         <file>rts430_eabi.lib</file>
         <name>epilog.obj</name>
      </input_file>
      <input_file id="fl-2b">
         <path>C:\ti\ccsv5\tools\compiler\msp430_4.2.1\lib\</path>
         <kind>archive</kind>
         <file>rts430_eabi.lib</file>
         <name>exit.obj</name>
      </input_file>
      <input_file id="fl-2c">
         <path>C:\ti\ccsv5\tools\compiler\msp430_4.2.1\lib\</path>
         <kind>archive</kind>
         <file>rts430_eabi.lib</file>
         <name>fs_itof.obj</name>
      </input_file>
      <input_file id="fl-2d">
         <path>C:\ti\ccsv5\tools\compiler\msp430_4.2.1\lib\</path>
         <kind>archive</kind>
         <file>rts430_eabi.lib</file>
         <name>fs_mpy.obj</name>
      </input_file>
      <input_file id="fl-2e">
         <path>C:\ti\ccsv5\tools\compiler\msp430_4.2.1\lib\</path>
         <kind>archive</kind>
         <file>rts430_eabi.lib</file>
         <name>fs_toi.obj</name>
      </input_file>
      <input_file id="fl-2f">
         <path>C:\ti\ccsv5\tools\compiler\msp430_4.2.1\lib\</path>
         <kind>archive</kind>
         <file>rts430_eabi.lib</file>
         <name>int02.obj</name>
      </input_file>
      <input_file id="fl-30">
         <path>C:\ti\ccsv5\tools\compiler\msp430_4.2.1\lib\</path>
         <kind>archive</kind>
         <file>rts430_eabi.lib</file>
         <name>int03.obj</name>
      </input_file>
      <input_file id="fl-31">
         <path>C:\ti\ccsv5\tools\compiler\msp430_4.2.1\lib\</path>
         <kind>archive</kind>
         <file>rts430_eabi.lib</file>
         <name>int05.obj</name>
      </input_file>
      <input_file id="fl-32">
         <path>C:\ti\ccsv5\tools\compiler\msp430_4.2.1\lib\</path>
         <kind>archive</kind>
         <file>rts430_eabi.lib</file>
         <name>int06.obj</name>
      </input_file>
      <input_file id="fl-33">
         <path>C:\ti\ccsv5\tools\compiler\msp430_4.2.1\lib\</path>
         <kind>archive</kind>
         <file>rts430_eabi.lib</file>
         <name>int08.obj</name>
      </input_file>
      <input_file id="fl-34">
         <path>C:\ti\ccsv5\tools\compiler\msp430_4.2.1\lib\</path>
         <kind>archive</kind>
         <file>rts430_eabi.lib</file>
         <name>int09.obj</name>
      </input_file>
      <input_file id="fl-35">
         <path>C:\ti\ccsv5\tools\compiler\msp430_4.2.1\lib\</path>
         <kind>archive</kind>
         <file>rts430_eabi.lib</file>
         <name>int11.obj</name>
      </input_file>
      <input_file id="fl-36">
         <path>C:\ti\ccsv5\tools\compiler\msp430_4.2.1\lib\</path>
         <kind>archive</kind>
         <file>rts430_eabi.lib</file>
         <name>int12.obj</name>
      </input_file>
      <input_file id="fl-37">
         <path>C:\ti\ccsv5\tools\compiler\msp430_4.2.1\lib\</path>
         <kind>archive</kind>
         <file>rts430_eabi.lib</file>
         <name>int13.obj</name>
      </input_file>
      <input_file id="fl-38">
         <path>C:\ti\ccsv5\tools\compiler\msp430_4.2.1\lib\</path>
         <kind>archive</kind>
         <file>rts430_eabi.lib</file>
         <name>int14.obj</name>
      </input_file>
      <input_file id="fl-39">
         <path>C:\ti\ccsv5\tools\compiler\msp430_4.2.1\lib\</path>
         <kind>archive</kind>
         <file>rts430_eabi.lib</file>
         <name>isr_trap.obj</name>
      </input_file>
      <input_file id="fl-3a">
         <path>C:\ti\ccsv5\tools\compiler\msp430_4.2.1\lib\</path>
         <kind>archive</kind>
         <file>rts430_eabi.lib</file>
         <name>memcpy.obj</name>
      </input_file>
      <input_file id="fl-3b">
         <path>C:\ti\ccsv5\tools\compiler\msp430_4.2.1\lib\</path>
         <kind>archive</kind>
         <file>rts430_eabi.lib</file>
         <name>mult16.obj</name>
      </input_file>
      <input_file id="fl-3c">
         <path>C:\ti\ccsv5\tools\compiler\msp430_4.2.1\lib\</path>
         <kind>archive</kind>
         <file>rts430_eabi.lib</file>
         <name>sprintf.obj</name>
      </input_file>
      <input_file id="fl-3d">
         <path>C:\ti\ccsv5\tools\compiler\msp430_4.2.1\lib\</path>
         <kind>archive</kind>
         <file>rts430_eabi.lib</file>
         <name>_lock.obj</name>
      </input_file>
      <input_file id="fl-3e">
         <path>C:\ti\ccsv5\tools\compiler\msp430_4.2.1\lib\</path>
         <kind>archive</kind>
         <file>rts430_eabi.lib</file>
         <name>_printfi_min.obj</name>
      </input_file>
      <input_file id="fl-3f">
         <path>C:\ti\ccsv5\tools\compiler\msp430_4.2.1\lib\</path>
         <kind>archive</kind>
         <file>rts430_eabi.lib</file>
         <name>div16u.obj</name>
      </input_file>
      <input_file id="fl-40">
         <path>C:\ti\ccsv5\tools\compiler\msp430_4.2.1\lib\</path>
         <kind>archive</kind>
         <file>rts430_eabi.lib</file>
         <name>lsr16.obj</name>
      </input_file>
      <input_file id="fl-41">
         <path>C:\ti\ccsv5\tools\compiler\msp430_4.2.1\lib\</path>
         <kind>archive</kind>
         <file>rts430_eabi.lib</file>
         <name>memccpy.obj</name>
      </input_file>
      <input_file id="fl-42">
         <path>C:\ti\ccsv5\tools\compiler\msp430_4.2.1\lib\</path>
         <kind>archive</kind>
         <file>rts430_eabi.lib</file>
         <name>memset.obj</name>
      </input_file>
      <input_file id="fl-43">
         <path>C:\ti\ccsv5\tools\compiler\msp430_4.2.1\lib\</path>
         <kind>archive</kind>
         <file>rts430_eabi.lib</file>
         <name>strlen.obj</name>
      </input_file>
      <input_file id="fl-44">
         <path>C:\MSP430_LaunchPad\Workspace\ScienceFairGrace010214\src\grace\</path>
         <kind>archive</kind>
         <file>grace.lib</file>
         <name>Grace_init.obj</name>
      </input_file>
      <input_file id="fl-45">
         <path>C:\MSP430_LaunchPad\Workspace\ScienceFairGrace010214\src\grace\</path>
         <kind>archive</kind>
         <file>grace.lib</file>
         <name>GPIO_init.obj</name>
      </input_file>
      <input_file id="fl-46">
         <path>C:\MSP430_LaunchPad\Workspace\ScienceFairGrace010214\src\grace\</path>
         <kind>archive</kind>
         <file>grace.lib</file>
         <name>BCSplus_init.obj</name>
      </input_file>
      <input_file id="fl-47">
         <path>C:\MSP430_LaunchPad\Workspace\ScienceFairGrace010214\src\grace\</path>
         <kind>archive</kind>
         <file>grace.lib</file>
         <name>USCI_A0_init.obj</name>
      </input_file>
      <input_file id="fl-48">
         <path>C:\MSP430_LaunchPad\Workspace\ScienceFairGrace010214\src\grace\</path>
         <kind>archive</kind>
         <file>grace.lib</file>
         <name>Timer1_A3_init.obj</name>
      </input_file>
      <input_file id="fl-49">
         <path>C:\MSP430_LaunchPad\Workspace\ScienceFairGrace010214\src\grace\</path>
         <kind>archive</kind>
         <file>grace.lib</file>
         <name>System_init.obj</name>
      </input_file>
      <input_file id="fl-4a">
         <path>C:\MSP430_LaunchPad\Workspace\ScienceFairGrace010214\src\grace\</path>
         <kind>archive</kind>
         <file>grace.lib</file>
         <name>WDTplus_init.obj</name>
      </input_file>
   </input_file_list>
   <object_component_list>
      <object_component id="oc-51">
         <name>xdc.meta</name>
         <load_address>0x0</load_address>
         <run_address>0x0</run_address>
         <size>0xf4</size>
         <input_file_ref idref="fl-3"/>
      </object_component>
      <object_component id="oc-53">
         <name>.stack</name>
         <uninitialized>true</uninitialized>
         <run_address>0x3c0</run_address>
         <size>0x2</size>
         <input_file_ref idref="fl-c"/>
      </object_component>
      <object_component id="oc-32e">
         <name>.stack</name>
         <uninitialized>true</uninitialized>
         <run_address>0x3c0</run_address>
         <size>0x0</size>
      </object_component>
      <object_component id="oc-6f">
         <name>.text:main</name>
         <load_address>0xc000</load_address>
         <run_address>0xc000</run_address>
         <size>0x3b2</size>
         <input_file_ref idref="fl-7"/>
      </object_component>
      <object_component id="oc-24c">
         <name>.text:_setfield</name>
         <load_address>0xc3b2</load_address>
         <run_address>0xc3b2</run_address>
         <size>0x116</size>
         <input_file_ref idref="fl-3e"/>
      </object_component>
      <object_component id="oc-1f2">
         <name>.text:__TI_printfi_minimal</name>
         <load_address>0xc4c8</load_address>
         <run_address>0xc4c8</run_address>
         <size>0xca</size>
         <input_file_ref idref="fl-3e"/>
      </object_component>
      <object_component id="oc-e8">
         <name>.text</name>
         <load_address>0xc592</load_address>
         <run_address>0xc592</run_address>
         <size>0xc2</size>
         <input_file_ref idref="fl-2d"/>
      </object_component>
      <object_component id="oc-6a">
         <name>.text:_auto_init</name>
         <load_address>0xc654</load_address>
         <run_address>0xc654</run_address>
         <size>0x6a</size>
         <input_file_ref idref="fl-e"/>
      </object_component>
      <object_component id="oc-ec">
         <name>.text</name>
         <load_address>0xc6be</load_address>
         <run_address>0xc6be</run_address>
         <size>0x68</size>
         <input_file_ref idref="fl-2e"/>
      </object_component>
      <object_component id="oc-d4">
         <name>.text:I2C_75_Read</name>
         <load_address>0xc726</load_address>
         <run_address>0xc726</run_address>
         <size>0x62</size>
         <input_file_ref idref="fl-7"/>
      </object_component>
      <object_component id="oc-8d">
         <name>.text:__TI_decompress_rle_core</name>
         <load_address>0xc788</load_address>
         <run_address>0xc788</run_address>
         <size>0x5e</size>
         <input_file_ref idref="fl-28"/>
      </object_component>
      <object_component id="oc-2a9">
         <name>.text:_ltostr</name>
         <load_address>0xc7e6</load_address>
         <run_address>0xc7e6</run_address>
         <size>0x56</size>
         <input_file_ref idref="fl-3e"/>
      </object_component>
      <object_component id="oc-5b">
         <name>.text:USCI0RX_ISR_HOOK</name>
         <load_address>0xc83c</load_address>
         <run_address>0xc83c</run_address>
         <size>0x52</size>
         <input_file_ref idref="fl-f"/>
      </object_component>
      <object_component id="oc-277">
         <name>.text:_pproc_diouxp</name>
         <load_address>0xc88e</load_address>
         <run_address>0xc88e</run_address>
         <size>0x4e</size>
         <input_file_ref idref="fl-3e"/>
      </object_component>
      <object_component id="oc-2e9">
         <name>.text</name>
         <load_address>0xc8dc</load_address>
         <run_address>0xc8dc</run_address>
         <size>0x4c</size>
         <input_file_ref idref="fl-40"/>
      </object_component>
      <object_component id="oc-251">
         <name>.text:_pproc_str</name>
         <load_address>0xc928</load_address>
         <run_address>0xc928</run_address>
         <size>0x46</size>
         <input_file_ref idref="fl-3e"/>
      </object_component>
      <object_component id="oc-18e">
         <name>.text:GPIO_graceInit</name>
         <load_address>0xc96e</load_address>
         <run_address>0xc96e</run_address>
         <size>0x3e</size>
         <input_file_ref idref="fl-45"/>
      </object_component>
      <object_component id="oc-1cb">
         <name>.text:Receive_Byte</name>
         <load_address>0xc9ac</load_address>
         <run_address>0xc9ac</run_address>
         <size>0x3c</size>
         <input_file_ref idref="fl-7"/>
      </object_component>
      <object_component id="oc-13a">
         <name>.text:sprintf</name>
         <load_address>0xc9e8</load_address>
         <run_address>0xc9e8</run_address>
         <size>0x38</size>
         <input_file_ref idref="fl-3c"/>
      </object_component>
      <object_component id="oc-e4">
         <name>.text</name>
         <load_address>0xca20</load_address>
         <run_address>0xca20</run_address>
         <size>0x36</size>
         <input_file_ref idref="fl-2c"/>
      </object_component>
      <object_component id="oc-1bb">
         <name>.text:Send_Byte</name>
         <load_address>0xca56</load_address>
         <run_address>0xca56</run_address>
         <size>0x30</size>
         <input_file_ref idref="fl-7"/>
      </object_component>
      <object_component id="oc-2a4">
         <name>.text:_getarg_diouxp</name>
         <load_address>0xca86</load_address>
         <run_address>0xca86</run_address>
         <size>0x2e</size>
         <input_file_ref idref="fl-3e"/>
      </object_component>
      <object_component id="oc-df">
         <name>.text</name>
         <load_address>0xcab4</load_address>
         <run_address>0xcab4</run_address>
         <size>0x2c</size>
         <input_file_ref idref="fl-26"/>
      </object_component>
      <object_component id="oc-193">
         <name>.text:BCSplus_graceInit</name>
         <load_address>0xcae0</load_address>
         <run_address>0xcae0</run_address>
         <size>0x28</size>
         <input_file_ref idref="fl-46"/>
      </object_component>
      <object_component id="oc-ca">
         <name>.text:I2C_75_write</name>
         <load_address>0xcb08</load_address>
         <run_address>0xcb08</run_address>
         <size>0x28</size>
         <input_file_ref idref="fl-7"/>
      </object_component>
      <object_component id="oc-1b6">
         <name>.text:Start</name>
         <load_address>0xcb30</load_address>
         <run_address>0xcb30</run_address>
         <size>0x26</size>
         <input_file_ref idref="fl-7"/>
      </object_component>
      <object_component id="oc-3d">
         <name>.text:_c_int00_noexit</name>
         <load_address>0xcb56</load_address>
         <run_address>0xcb56</run_address>
         <size>0x26</size>
         <input_file_ref idref="fl-c"/>
      </object_component>
      <object_component id="oc-1c0">
         <name>.text:ACK</name>
         <load_address>0xcb7c</load_address>
         <run_address>0xcb7c</run_address>
         <size>0x24</size>
         <input_file_ref idref="fl-7"/>
      </object_component>
      <object_component id="oc-bf">
         <name>.text:Grace_init</name>
         <load_address>0xcba0</load_address>
         <run_address>0xcba0</run_address>
         <size>0x24</size>
         <input_file_ref idref="fl-44"/>
      </object_component>
      <object_component id="oc-1c5">
         <name>.text:Stop</name>
         <load_address>0xcbc4</load_address>
         <run_address>0xcbc4</run_address>
         <size>0x20</size>
         <input_file_ref idref="fl-7"/>
      </object_component>
      <object_component id="oc-27c">
         <name>.text:memccpy</name>
         <load_address>0xcbe4</load_address>
         <run_address>0xcbe4</run_address>
         <size>0x1c</size>
         <input_file_ref idref="fl-41"/>
      </object_component>
      <object_component id="oc-1d0">
         <name>.text:ACK_0</name>
         <load_address>0xcc00</load_address>
         <run_address>0xcc00</run_address>
         <size>0x1a</size>
         <input_file_ref idref="fl-7"/>
      </object_component>
      <object_component id="oc-198">
         <name>.text:USCI_A0_graceInit</name>
         <load_address>0xcc1a</load_address>
         <run_address>0xcc1a</run_address>
         <size>0x1a</size>
         <input_file_ref idref="fl-47"/>
      </object_component>
      <object_component id="oc-1e8">
         <name>.text:_outs</name>
         <load_address>0xcc34</load_address>
         <run_address>0xcc34</run_address>
         <size>0x1a</size>
         <input_file_ref idref="fl-3c"/>
      </object_component>
      <object_component id="oc-2e1">
         <name>.text:_div</name>
         <load_address>0xcc4e</load_address>
         <run_address>0xcc4e</run_address>
         <size>0x18</size>
         <input_file_ref idref="fl-3e"/>
      </object_component>
      <object_component id="oc-2ed">
         <name>.text</name>
         <load_address>0xcc66</load_address>
         <run_address>0xcc66</run_address>
         <size>0x16</size>
         <input_file_ref idref="fl-3f"/>
      </object_component>
      <object_component id="oc-1a7">
         <name>.text:System_graceInit</name>
         <load_address>0xcc7c</load_address>
         <run_address>0xcc7c</run_address>
         <size>0x14</size>
         <input_file_ref idref="fl-49"/>
      </object_component>
      <object_component id="oc-1a2">
         <name>.text:Timer1_A3_graceInit</name>
         <load_address>0xcc90</load_address>
         <run_address>0xcc90</run_address>
         <size>0x14</size>
         <input_file_ref idref="fl-48"/>
      </object_component>
      <object_component id="oc-47">
         <name>.text:decompress:ZI:__TI_zero_init</name>
         <load_address>0xcca4</load_address>
         <run_address>0xcca4</run_address>
         <size>0x14</size>
         <input_file_ref idref="fl-29"/>
      </object_component>
      <object_component id="oc-271">
         <name>.text:memset</name>
         <load_address>0xccb8</load_address>
         <run_address>0xccb8</run_address>
         <size>0x14</size>
         <input_file_ref idref="fl-42"/>
      </object_component>
      <object_component id="oc-fa">
         <name>.text</name>
         <load_address>0xcccc</load_address>
         <run_address>0xcccc</run_address>
         <size>0x14</size>
         <input_file_ref idref="fl-3b"/>
      </object_component>
      <object_component id="oc-1ed">
         <name>.text:_outc</name>
         <load_address>0xcce0</load_address>
         <run_address>0xcce0</run_address>
         <size>0x12</size>
         <input_file_ref idref="fl-3c"/>
      </object_component>
      <object_component id="oc-42">
         <name>.text:decompress:none:__TI_decompress_none</name>
         <load_address>0xccf2</load_address>
         <run_address>0xccf2</run_address>
         <size>0x12</size>
         <input_file_ref idref="fl-27"/>
      </object_component>
      <object_component id="oc-7a">
         <name>.text:memcpy</name>
         <load_address>0xcd04</load_address>
         <run_address>0xcd04</run_address>
         <size>0x12</size>
         <input_file_ref idref="fl-3a"/>
      </object_component>
      <object_component id="oc-b9">
         <name>.text</name>
         <load_address>0xcd16</load_address>
         <run_address>0xcd16</run_address>
         <size>0x10</size>
         <input_file_ref idref="fl-2a"/>
      </object_component>
      <object_component id="oc-247">
         <name>.text:strlen</name>
         <load_address>0xcd26</load_address>
         <run_address>0xcd26</run_address>
         <size>0xe</size>
         <input_file_ref idref="fl-43"/>
      </object_component>
      <object_component id="oc-1ac">
         <name>.text:WDTplus_graceInit</name>
         <load_address>0xcd34</load_address>
         <run_address>0xcd34</run_address>
         <size>0x8</size>
         <input_file_ref idref="fl-4a"/>
      </object_component>
      <object_component id="oc-105">
         <name>.text:foo</name>
         <load_address>0xcd3c</load_address>
         <run_address>0xcd3c</run_address>
         <size>0x8</size>
         <input_file_ref idref="fl-f"/>
      </object_component>
      <object_component id="oc-60">
         <name>.text:WDT_ISR_HOOK</name>
         <load_address>0xcd44</load_address>
         <run_address>0xcd44</run_address>
         <size>0x6</size>
         <input_file_ref idref="fl-f"/>
      </object_component>
      <object_component id="oc-57">
         <name>.text:__TI_ISR_TRAP</name>
         <load_address>0xcd4a</load_address>
         <run_address>0xcd4a</run_address>
         <size>0x6</size>
         <input_file_ref idref="fl-39"/>
      </object_component>
      <object_component id="oc-4c">
         <name>.text:decompress:rle24:__TI_decompress_rle24</name>
         <load_address>0xcd50</load_address>
         <run_address>0xcd50</run_address>
         <size>0x6</size>
         <input_file_ref idref="fl-28"/>
      </object_component>
      <object_component id="oc-65">
         <name>.text:_system_pre_init</name>
         <load_address>0xcd56</load_address>
         <run_address>0xcd56</run_address>
         <size>0x4</size>
         <input_file_ref idref="fl-d"/>
      </object_component>
      <object_component id="oc-74">
         <name>.text:abort</name>
         <load_address>0xcd5a</load_address>
         <run_address>0xcd5a</run_address>
         <size>0x4</size>
         <input_file_ref idref="fl-2b"/>
      </object_component>
      <object_component id="oc-19d">
         <name>.text:InterruptVectors_graceInit</name>
         <load_address>0xcd5e</load_address>
         <run_address>0xcd5e</run_address>
         <size>0x2</size>
         <input_file_ref idref="fl-f"/>
      </object_component>
      <object_component id="oc-32d">
         <name>.cinit..data.load</name>
         <load_address>0xcd78</load_address>
         <run_address>0xcd78</run_address>
         <size>0x1b</size>
      </object_component>
      <object_component id="oc-32a">
         <name>__TI_handler_table</name>
         <load_address>0xcd94</load_address>
         <run_address>0xcd94</run_address>
         <size>0x6</size>
      </object_component>
      <object_component id="oc-32c">
         <name>.cinit..bss.load</name>
         <load_address>0xcd9a</load_address>
         <run_address>0xcd9a</run_address>
         <size>0x4</size>
      </object_component>
      <object_component id="oc-32b">
         <name>__TI_cinit_table</name>
         <load_address>0xcd9e</load_address>
         <run_address>0xcd9e</run_address>
         <size>0x8</size>
      </object_component>
      <object_component id="oc-276">
         <name>.const:.string</name>
         <load_address>0xcd60</load_address>
         <run_address>0xcd60</run_address>
         <size>0x14</size>
         <input_file_ref idref="fl-3e"/>
      </object_component>
      <object_component id="oc-137">
         <name>.const:.string</name>
         <load_address>0xcd74</load_address>
         <run_address>0xcd74</run_address>
         <size>0x4</size>
         <input_file_ref idref="fl-7"/>
      </object_component>
      <object_component id="oc-31">
         <name>.int02</name>
         <load_address>0xffe4</load_address>
         <run_address>0xffe4</run_address>
         <size>0x2</size>
         <input_file_ref idref="fl-2f"/>
      </object_component>
      <object_component id="oc-32">
         <name>.int03</name>
         <load_address>0xffe6</load_address>
         <run_address>0xffe6</run_address>
         <size>0x2</size>
         <input_file_ref idref="fl-30"/>
      </object_component>
      <object_component id="oc-33">
         <name>.int05</name>
         <load_address>0xffea</load_address>
         <run_address>0xffea</run_address>
         <size>0x2</size>
         <input_file_ref idref="fl-31"/>
      </object_component>
      <object_component id="oc-34">
         <name>.int06</name>
         <load_address>0xffec</load_address>
         <run_address>0xffec</run_address>
         <size>0x2</size>
         <input_file_ref idref="fl-32"/>
      </object_component>
      <object_component id="oc-35">
         <name>.int07</name>
         <load_address>0xffee</load_address>
         <run_address>0xffee</run_address>
         <size>0x2</size>
         <input_file_ref idref="fl-f"/>
      </object_component>
      <object_component id="oc-36">
         <name>.int08</name>
         <load_address>0xfff0</load_address>
         <run_address>0xfff0</run_address>
         <size>0x2</size>
         <input_file_ref idref="fl-33"/>
      </object_component>
      <object_component id="oc-37">
         <name>.int09</name>
         <load_address>0xfff2</load_address>
         <run_address>0xfff2</run_address>
         <size>0x2</size>
         <input_file_ref idref="fl-34"/>
      </object_component>
      <object_component id="oc-38">
         <name>.int10</name>
         <load_address>0xfff4</load_address>
         <run_address>0xfff4</run_address>
         <size>0x2</size>
         <input_file_ref idref="fl-f"/>
      </object_component>
      <object_component id="oc-39">
         <name>.int11</name>
         <load_address>0xfff6</load_address>
         <run_address>0xfff6</run_address>
         <size>0x2</size>
         <input_file_ref idref="fl-35"/>
      </object_component>
      <object_component id="oc-3a">
         <name>.int12</name>
         <load_address>0xfff8</load_address>
         <run_address>0xfff8</run_address>
         <size>0x2</size>
         <input_file_ref idref="fl-36"/>
      </object_component>
      <object_component id="oc-3b">
         <name>.int13</name>
         <load_address>0xfffa</load_address>
         <run_address>0xfffa</run_address>
         <size>0x2</size>
         <input_file_ref idref="fl-37"/>
      </object_component>
      <object_component id="oc-3c">
         <name>.int14</name>
         <load_address>0xfffc</load_address>
         <run_address>0xfffc</run_address>
         <size>0x2</size>
         <input_file_ref idref="fl-38"/>
      </object_component>
      <object_component id="oc-56">
         <name>.reset</name>
         <load_address>0xfffe</load_address>
         <run_address>0xfffe</run_address>
         <size>0x2</size>
         <input_file_ref idref="fl-c"/>
      </object_component>
      <object_component id="oc-b0">
         <name>.common:u</name>
         <uninitialized>true</uninitialized>
         <run_address>0x298</run_address>
         <size>0x2</size>
      </object_component>
      <object_component id="oc-242">
         <name>.common:R_word</name>
         <uninitialized>true</uninitialized>
         <run_address>0x29b</run_address>
         <size>0x1</size>
      </object_component>
      <object_component id="oc-23c">
         <name>.common:ACK_Flag1</name>
         <uninitialized>true</uninitialized>
         <run_address>0x29a</run_address>
         <size>0x1</size>
      </object_component>
      <object_component id="oc-144">
         <name>.common:buff</name>
         <uninitialized>true</uninitialized>
         <run_address>0x274</run_address>
         <size>0xa</size>
      </object_component>
      <object_component id="oc-fe">
         <name>.common:t</name>
         <uninitialized>true</uninitialized>
         <run_address>0x290</run_address>
         <size>0x2</size>
      </object_component>
      <object_component id="oc-ff">
         <name>.common:t1</name>
         <uninitialized>true</uninitialized>
         <run_address>0x292</run_address>
         <size>0x2</size>
      </object_component>
      <object_component id="oc-d0">
         <name>.common:j</name>
         <uninitialized>true</uninitialized>
         <run_address>0x286</run_address>
         <size>0x2</size>
      </object_component>
      <object_component id="oc-104">
         <name>.common:p</name>
         <uninitialized>true</uninitialized>
         <run_address>0x28a</run_address>
         <size>0x2</size>
      </object_component>
      <object_component id="oc-146">
         <name>.common:e</name>
         <uninitialized>true</uninitialized>
         <run_address>0x284</run_address>
         <size>0x2</size>
      </object_component>
      <object_component id="oc-148">
         <name>.common:o</name>
         <uninitialized>true</uninitialized>
         <run_address>0x288</run_address>
         <size>0x2</size>
      </object_component>
      <object_component id="oc-11c">
         <name>.common:dummytemp</name>
         <uninitialized>true</uninitialized>
         <run_address>0x27e</run_address>
         <size>0x4</size>
      </object_component>
      <object_component id="oc-10c">
         <name>.common:set</name>
         <uninitialized>true</uninitialized>
         <run_address>0x28c</run_address>
         <size>0x2</size>
      </object_component>
      <object_component id="oc-12e">
         <name>.common:aaa</name>
         <uninitialized>true</uninitialized>
         <run_address>0x282</run_address>
         <size>0x2</size>
      </object_component>
      <object_component id="oc-11d">
         <name>.common:speed1</name>
         <uninitialized>true</uninitialized>
         <run_address>0x28e</run_address>
         <size>0x2</size>
      </object_component>
      <object_component id="oc-f9">
         <name>.common:tempHigh</name>
         <uninitialized>true</uninitialized>
         <run_address>0x294</run_address>
         <size>0x2</size>
      </object_component>
      <object_component id="oc-f4">
         <name>.common:tempLow</name>
         <uninitialized>true</uninitialized>
         <run_address>0x296</run_address>
         <size>0x2</size>
      </object_component>
      <object_component id="oc-a4">
         <name>.data</name>
         <load_address>0x270</load_address>
         <run_address>0x270</run_address>
         <size>0x2</size>
         <input_file_ref idref="fl-f"/>
      </object_component>
      <object_component id="oc-a6">
         <name>.data:receive_buffer</name>
         <load_address>0x23a</load_address>
         <run_address>0x23a</run_address>
         <size>0x12</size>
         <input_file_ref idref="fl-f"/>
      </object_component>
      <object_component id="oc-ad">
         <name>.data:Rstorage_buffer</name>
         <load_address>0x216</load_address>
         <run_address>0x216</run_address>
         <size>0x12</size>
         <input_file_ref idref="fl-f"/>
      </object_component>
      <object_component id="oc-c8">
         <name>.data:TMPADDR</name>
         <load_address>0x24c</load_address>
         <run_address>0x24c</run_address>
         <size>0x10</size>
         <input_file_ref idref="fl-7"/>
      </object_component>
      <object_component id="oc-d9">
         <name>.data:read_buffer_iic</name>
         <load_address>0x272</load_address>
         <run_address>0x272</run_address>
         <size>0x2</size>
         <input_file_ref idref="fl-7"/>
      </object_component>
      <object_component id="oc-101">
         <name>.data:send_array</name>
         <load_address>0x200</load_address>
         <run_address>0x200</run_address>
         <size>0x16</size>
         <input_file_ref idref="fl-7"/>
      </object_component>
      <object_component id="oc-10a">
         <name>.data:recbuffer</name>
         <load_address>0x228</load_address>
         <run_address>0x228</run_address>
         <size>0x12</size>
         <input_file_ref idref="fl-7"/>
      </object_component>
      <object_component id="oc-112">
         <name>.data:speed</name>
         <load_address>0x266</load_address>
         <run_address>0x266</run_address>
         <size>0xa</size>
         <input_file_ref idref="fl-7"/>
      </object_component>
      <object_component id="oc-123">
         <name>.data:setpoint</name>
         <load_address>0x25c</load_address>
         <run_address>0x25c</run_address>
         <size>0xa</size>
         <input_file_ref idref="fl-7"/>
      </object_component>
      <object_component id="oc-3e">
         <name>.debug_info</name>
         <load_address>0x0</load_address>
         <run_address>0x0</run_address>
         <size>0x171</size>
         <input_file_ref idref="fl-c"/>
      </object_component>
      <object_component id="oc-44">
         <name>.debug_info</name>
         <load_address>0x171</load_address>
         <run_address>0x171</run_address>
         <size>0x194</size>
         <input_file_ref idref="fl-27"/>
      </object_component>
      <object_component id="oc-49">
         <name>.debug_info</name>
         <load_address>0x305</load_address>
         <run_address>0x305</run_address>
         <size>0x16a</size>
         <input_file_ref idref="fl-29"/>
      </object_component>
      <object_component id="oc-4d">
         <name>.debug_info</name>
         <load_address>0x46f</load_address>
         <run_address>0x46f</run_address>
         <size>0x18e</size>
         <input_file_ref idref="fl-28"/>
      </object_component>
      <object_component id="oc-52">
         <name>.debug_info</name>
         <load_address>0x5fd</load_address>
         <run_address>0x5fd</run_address>
         <size>0x16b</size>
         <input_file_ref idref="fl-3"/>
      </object_component>
      <object_component id="oc-54">
         <name>.debug_info</name>
         <load_address>0x768</load_address>
         <run_address>0x768</run_address>
         <size>0xde</size>
         <input_file_ref idref="fl-c"/>
      </object_component>
      <object_component id="oc-58">
         <name>.debug_info</name>
         <load_address>0x846</load_address>
         <run_address>0x846</run_address>
         <size>0xc2</size>
         <input_file_ref idref="fl-39"/>
      </object_component>
      <object_component id="oc-5d">
         <name>.debug_info</name>
         <load_address>0x908</load_address>
         <run_address>0x908</run_address>
         <size>0x140</size>
         <input_file_ref idref="fl-f"/>
      </object_component>
      <object_component id="oc-62">
         <name>.debug_info</name>
         <load_address>0xa48</load_address>
         <run_address>0xa48</run_address>
         <size>0x138</size>
         <input_file_ref idref="fl-f"/>
      </object_component>
      <object_component id="oc-66">
         <name>.debug_info</name>
         <load_address>0xb80</load_address>
         <run_address>0xb80</run_address>
         <size>0x11e</size>
         <input_file_ref idref="fl-d"/>
      </object_component>
      <object_component id="oc-6b">
         <name>.debug_info</name>
         <load_address>0xc9e</load_address>
         <run_address>0xc9e</run_address>
         <size>0x216</size>
         <input_file_ref idref="fl-e"/>
      </object_component>
      <object_component id="oc-70">
         <name>.debug_info</name>
         <load_address>0xeb4</load_address>
         <run_address>0xeb4</run_address>
         <size>0x2f3</size>
         <input_file_ref idref="fl-7"/>
      </object_component>
      <object_component id="oc-75">
         <name>.debug_info</name>
         <load_address>0x11a7</load_address>
         <run_address>0x11a7</run_address>
         <size>0xcc</size>
         <input_file_ref idref="fl-2b"/>
      </object_component>
      <object_component id="oc-7b">
         <name>.debug_info</name>
         <load_address>0x1273</load_address>
         <run_address>0x1273</run_address>
         <size>0x157</size>
         <input_file_ref idref="fl-3a"/>
      </object_component>
      <object_component id="oc-80">
         <name>.debug_info</name>
         <load_address>0x13ca</load_address>
         <run_address>0x13ca</run_address>
         <size>0x46</size>
         <input_file_ref idref="fl-27"/>
      </object_component>
      <object_component id="oc-85">
         <name>.debug_info</name>
         <load_address>0x1410</load_address>
         <run_address>0x1410</run_address>
         <size>0x164</size>
         <input_file_ref idref="fl-27"/>
      </object_component>
      <object_component id="oc-87">
         <name>.debug_info</name>
         <load_address>0x1574</load_address>
         <run_address>0x1574</run_address>
         <size>0x46</size>
         <input_file_ref idref="fl-29"/>
      </object_component>
      <object_component id="oc-8c">
         <name>.debug_info</name>
         <load_address>0x15ba</load_address>
         <run_address>0x15ba</run_address>
         <size>0x11f</size>
         <input_file_ref idref="fl-29"/>
      </object_component>
      <object_component id="oc-8e">
         <name>.debug_info</name>
         <load_address>0x16d9</load_address>
         <run_address>0x16d9</run_address>
         <size>0x1e9</size>
         <input_file_ref idref="fl-28"/>
      </object_component>
      <object_component id="oc-93">
         <name>.debug_info</name>
         <load_address>0x18c2</load_address>
         <run_address>0x18c2</run_address>
         <size>0x129</size>
         <input_file_ref idref="fl-28"/>
      </object_component>
      <object_component id="oc-94">
         <name>.debug_info</name>
         <load_address>0x19eb</load_address>
         <run_address>0x19eb</run_address>
         <size>0x39</size>
         <input_file_ref idref="fl-28"/>
      </object_component>
      <object_component id="oc-9b">
         <name>.debug_info</name>
         <load_address>0x1a24</load_address>
         <run_address>0x1a24</run_address>
         <size>0x1b0</size>
         <input_file_ref idref="fl-3"/>
      </object_component>
      <object_component id="oc-9e">
         <name>.debug_info</name>
         <load_address>0x1bd4</load_address>
         <run_address>0x1bd4</run_address>
         <size>0x90</size>
         <input_file_ref idref="fl-c"/>
      </object_component>
      <object_component id="oc-a5">
         <name>.debug_info</name>
         <load_address>0x1c64</load_address>
         <run_address>0x1c64</run_address>
         <size>0xe7</size>
         <input_file_ref idref="fl-f"/>
      </object_component>
      <object_component id="oc-a7">
         <name>.debug_info</name>
         <load_address>0x1d4b</load_address>
         <run_address>0x1d4b</run_address>
         <size>0xf5</size>
         <input_file_ref idref="fl-f"/>
      </object_component>
      <object_component id="oc-a9">
         <name>.debug_info</name>
         <load_address>0x1e40</load_address>
         <run_address>0x1e40</run_address>
         <size>0x196</size>
         <input_file_ref idref="fl-f"/>
      </object_component>
      <object_component id="oc-ae">
         <name>.debug_info</name>
         <load_address>0x1fd6</load_address>
         <run_address>0x1fd6</run_address>
         <size>0xf7</size>
         <input_file_ref idref="fl-f"/>
      </object_component>
      <object_component id="oc-b4">
         <name>.debug_info</name>
         <load_address>0x20cd</load_address>
         <run_address>0x20cd</run_address>
         <size>0x84</size>
         <input_file_ref idref="fl-d"/>
      </object_component>
      <object_component id="oc-bb">
         <name>.debug_info</name>
         <load_address>0x2151</load_address>
         <run_address>0x2151</run_address>
         <size>0xe1</size>
         <input_file_ref idref="fl-2a"/>
      </object_component>
      <object_component id="oc-be">
         <name>.debug_info</name>
         <load_address>0x2232</load_address>
         <run_address>0x2232</run_address>
         <size>0x895</size>
         <input_file_ref idref="fl-e"/>
      </object_component>
      <object_component id="oc-c1">
         <name>.debug_info</name>
         <load_address>0x2ac7</load_address>
         <run_address>0x2ac7</run_address>
         <size>0x1c1</size>
         <input_file_ref idref="fl-44"/>
      </object_component>
      <object_component id="oc-c5">
         <name>.debug_info</name>
         <load_address>0x2c88</load_address>
         <run_address>0x2c88</run_address>
         <size>0x4ce</size>
         <input_file_ref idref="fl-7"/>
      </object_component>
      <object_component id="oc-c9">
         <name>.debug_info</name>
         <load_address>0x3156</load_address>
         <run_address>0x3156</run_address>
         <size>0xd0</size>
         <input_file_ref idref="fl-7"/>
      </object_component>
      <object_component id="oc-cb">
         <name>.debug_info</name>
         <load_address>0x3226</load_address>
         <run_address>0x3226</run_address>
         <size>0x1de</size>
         <input_file_ref idref="fl-7"/>
      </object_component>
      <object_component id="oc-d5">
         <name>.debug_info</name>
         <load_address>0x3404</load_address>
         <run_address>0x3404</run_address>
         <size>0x229</size>
         <input_file_ref idref="fl-7"/>
      </object_component>
      <object_component id="oc-da">
         <name>.debug_info</name>
         <load_address>0x362d</load_address>
         <run_address>0x362d</run_address>
         <size>0xe0</size>
         <input_file_ref idref="fl-7"/>
      </object_component>
      <object_component id="oc-e1">
         <name>.debug_info</name>
         <load_address>0x370d</load_address>
         <run_address>0x370d</run_address>
         <size>0xd3</size>
         <input_file_ref idref="fl-26"/>
      </object_component>
      <object_component id="oc-e6">
         <name>.debug_info</name>
         <load_address>0x37e0</load_address>
         <run_address>0x37e0</run_address>
         <size>0xdd</size>
         <input_file_ref idref="fl-2c"/>
      </object_component>
      <object_component id="oc-e9">
         <name>.debug_info</name>
         <load_address>0x38bd</load_address>
         <run_address>0x38bd</run_address>
         <size>0xd4</size>
         <input_file_ref idref="fl-2d"/>
      </object_component>
      <object_component id="oc-ed">
         <name>.debug_info</name>
         <load_address>0x3991</load_address>
         <run_address>0x3991</run_address>
         <size>0xe8</size>
         <input_file_ref idref="fl-2e"/>
      </object_component>
      <object_component id="oc-fc">
         <name>.debug_info</name>
         <load_address>0x3a79</load_address>
         <run_address>0x3a79</run_address>
         <size>0xd4</size>
         <input_file_ref idref="fl-3b"/>
      </object_component>
      <object_component id="oc-102">
         <name>.debug_info</name>
         <load_address>0x3b4d</load_address>
         <run_address>0x3b4d</run_address>
         <size>0xd6</size>
         <input_file_ref idref="fl-7"/>
      </object_component>
      <object_component id="oc-107">
         <name>.debug_info</name>
         <load_address>0x3c23</load_address>
         <run_address>0x3c23</run_address>
         <size>0x134</size>
         <input_file_ref idref="fl-f"/>
      </object_component>
      <object_component id="oc-10b">
         <name>.debug_info</name>
         <load_address>0x3d57</load_address>
         <run_address>0x3d57</run_address>
         <size>0xd4</size>
         <input_file_ref idref="fl-7"/>
      </object_component>
      <object_component id="oc-113">
         <name>.debug_info</name>
         <load_address>0x3e2b</load_address>
         <run_address>0x3e2b</run_address>
         <size>0xcc</size>
         <input_file_ref idref="fl-7"/>
      </object_component>
      <object_component id="oc-124">
         <name>.debug_info</name>
         <load_address>0x3ef7</load_address>
         <run_address>0x3ef7</run_address>
         <size>0xd2</size>
         <input_file_ref idref="fl-7"/>
      </object_component>
      <object_component id="oc-13b">
         <name>.debug_info</name>
         <load_address>0x3fc9</load_address>
         <run_address>0x3fc9</run_address>
         <size>0x17d</size>
         <input_file_ref idref="fl-3c"/>
      </object_component>
      <object_component id="oc-14a">
         <name>.debug_info</name>
         <load_address>0x4146</load_address>
         <run_address>0x4146</run_address>
         <size>0x84</size>
         <input_file_ref idref="fl-3"/>
      </object_component>
      <object_component id="oc-151">
         <name>.debug_info</name>
         <load_address>0x41ca</load_address>
         <run_address>0x41ca</run_address>
         <size>0x127</size>
         <input_file_ref idref="fl-3a"/>
      </object_component>
      <object_component id="oc-152">
         <name>.debug_info</name>
         <load_address>0x42f1</load_address>
         <run_address>0x42f1</run_address>
         <size>0x2c</size>
         <input_file_ref idref="fl-29"/>
      </object_component>
      <object_component id="oc-157">
         <name>.debug_info</name>
         <load_address>0x431d</load_address>
         <run_address>0x431d</run_address>
         <size>0x2c</size>
         <input_file_ref idref="fl-27"/>
      </object_component>
      <object_component id="oc-170">
         <name>.debug_info</name>
         <load_address>0x4349</load_address>
         <run_address>0x4349</run_address>
         <size>0x339</size>
         <input_file_ref idref="fl-e"/>
      </object_component>
      <object_component id="oc-175">
         <name>.debug_info</name>
         <load_address>0x4682</load_address>
         <run_address>0x4682</run_address>
         <size>0xb7f</size>
         <input_file_ref idref="fl-e"/>
      </object_component>
      <object_component id="oc-17a">
         <name>.debug_info</name>
         <load_address>0x5201</load_address>
         <run_address>0x5201</run_address>
         <size>0x27e</size>
         <input_file_ref idref="fl-e"/>
      </object_component>
      <object_component id="oc-17f">
         <name>.debug_info</name>
         <load_address>0x547f</load_address>
         <run_address>0x547f</run_address>
         <size>0xae</size>
         <input_file_ref idref="fl-c"/>
      </object_component>
      <object_component id="oc-184">
         <name>.debug_info</name>
         <load_address>0x552d</load_address>
         <run_address>0x552d</run_address>
         <size>0x39</size>
         <input_file_ref idref="fl-e"/>
      </object_component>
      <object_component id="oc-189">
         <name>.debug_info</name>
         <load_address>0x5566</load_address>
         <run_address>0x5566</run_address>
         <size>0x529</size>
         <input_file_ref idref="fl-e"/>
      </object_component>
      <object_component id="oc-18f">
         <name>.debug_info</name>
         <load_address>0x5a8f</load_address>
         <run_address>0x5a8f</run_address>
         <size>0x117</size>
         <input_file_ref idref="fl-45"/>
      </object_component>
      <object_component id="oc-194">
         <name>.debug_info</name>
         <load_address>0x5ba6</load_address>
         <run_address>0x5ba6</run_address>
         <size>0x121</size>
         <input_file_ref idref="fl-46"/>
      </object_component>
      <object_component id="oc-199">
         <name>.debug_info</name>
         <load_address>0x5cc7</load_address>
         <run_address>0x5cc7</run_address>
         <size>0x126</size>
         <input_file_ref idref="fl-47"/>
      </object_component>
      <object_component id="oc-19f">
         <name>.debug_info</name>
         <load_address>0x5ded</load_address>
         <run_address>0x5ded</run_address>
         <size>0x153</size>
         <input_file_ref idref="fl-f"/>
      </object_component>
      <object_component id="oc-1a3">
         <name>.debug_info</name>
         <load_address>0x5f40</load_address>
         <run_address>0x5f40</run_address>
         <size>0x130</size>
         <input_file_ref idref="fl-48"/>
      </object_component>
      <object_component id="oc-1a8">
         <name>.debug_info</name>
         <load_address>0x6070</load_address>
         <run_address>0x6070</run_address>
         <size>0x121</size>
         <input_file_ref idref="fl-49"/>
      </object_component>
      <object_component id="oc-1ad">
         <name>.debug_info</name>
         <load_address>0x6191</load_address>
         <run_address>0x6191</run_address>
         <size>0x126</size>
         <input_file_ref idref="fl-4a"/>
      </object_component>
      <object_component id="oc-1b7">
         <name>.debug_info</name>
         <load_address>0x62b7</load_address>
         <run_address>0x62b7</run_address>
         <size>0xf9</size>
         <input_file_ref idref="fl-7"/>
      </object_component>
      <object_component id="oc-1bc">
         <name>.debug_info</name>
         <load_address>0x63b0</load_address>
         <run_address>0x63b0</run_address>
         <size>0x12e</size>
         <input_file_ref idref="fl-7"/>
      </object_component>
      <object_component id="oc-1c1">
         <name>.debug_info</name>
         <load_address>0x64de</load_address>
         <run_address>0x64de</run_address>
         <size>0xf5</size>
         <input_file_ref idref="fl-7"/>
      </object_component>
      <object_component id="oc-1c6">
         <name>.debug_info</name>
         <load_address>0x65d3</load_address>
         <run_address>0x65d3</run_address>
         <size>0xf7</size>
         <input_file_ref idref="fl-7"/>
      </object_component>
      <object_component id="oc-1cc">
         <name>.debug_info</name>
         <load_address>0x66ca</load_address>
         <run_address>0x66ca</run_address>
         <size>0x112</size>
         <input_file_ref idref="fl-7"/>
      </object_component>
      <object_component id="oc-1d1">
         <name>.debug_info</name>
         <load_address>0x67dc</load_address>
         <run_address>0x67dc</run_address>
         <size>0xf9</size>
         <input_file_ref idref="fl-7"/>
      </object_component>
      <object_component id="oc-1e9">
         <name>.debug_info</name>
         <load_address>0x68d5</load_address>
         <run_address>0x68d5</run_address>
         <size>0x13c</size>
         <input_file_ref idref="fl-3c"/>
      </object_component>
      <object_component id="oc-1ee">
         <name>.debug_info</name>
         <load_address>0x6a11</load_address>
         <run_address>0x6a11</run_address>
         <size>0x117</size>
         <input_file_ref idref="fl-3c"/>
      </object_component>
      <object_component id="oc-1f3">
         <name>.debug_info</name>
         <load_address>0x6b28</load_address>
         <run_address>0x6b28</run_address>
         <size>0x256</size>
         <input_file_ref idref="fl-3e"/>
      </object_component>
      <object_component id="oc-1f8">
         <name>.debug_info</name>
         <load_address>0x6d7e</load_address>
         <run_address>0x6d7e</run_address>
         <size>0x1e2</size>
         <input_file_ref idref="fl-3c"/>
      </object_component>
      <object_component id="oc-1fb">
         <name>.debug_info</name>
         <load_address>0x6f60</load_address>
         <run_address>0x6f60</run_address>
         <size>0x2c</size>
         <input_file_ref idref="fl-e"/>
      </object_component>
      <object_component id="oc-200">
         <name>.debug_info</name>
         <load_address>0x6f8c</load_address>
         <run_address>0x6f8c</run_address>
         <size>0x2c</size>
         <input_file_ref idref="fl-c"/>
      </object_component>
      <object_component id="oc-205">
         <name>.debug_info</name>
         <load_address>0x6fb8</load_address>
         <run_address>0x6fb8</run_address>
         <size>0x69</size>
         <input_file_ref idref="fl-e"/>
      </object_component>
      <object_component id="oc-20a">
         <name>.debug_info</name>
         <load_address>0x7021</load_address>
         <run_address>0x7021</run_address>
         <size>0x287</size>
         <input_file_ref idref="fl-e"/>
      </object_component>
      <object_component id="oc-20f">
         <name>.debug_info</name>
         <load_address>0x72a8</load_address>
         <run_address>0x72a8</run_address>
         <size>0x12a</size>
         <input_file_ref idref="fl-e"/>
      </object_component>
      <object_component id="oc-214">
         <name>.debug_info</name>
         <load_address>0x73d2</load_address>
         <run_address>0x73d2</run_address>
         <size>0x16d</size>
         <input_file_ref idref="fl-e"/>
      </object_component>
      <object_component id="oc-219">
         <name>.debug_info</name>
         <load_address>0x753f</load_address>
         <run_address>0x753f</run_address>
         <size>0x14b</size>
         <input_file_ref idref="fl-e"/>
      </object_component>
      <object_component id="oc-21e">
         <name>.debug_info</name>
         <load_address>0x768a</load_address>
         <run_address>0x768a</run_address>
         <size>0x9f</size>
         <input_file_ref idref="fl-e"/>
      </object_component>
      <object_component id="oc-223">
         <name>.debug_info</name>
         <load_address>0x7729</load_address>
         <run_address>0x7729</run_address>
         <size>0x253</size>
         <input_file_ref idref="fl-e"/>
      </object_component>
      <object_component id="oc-228">
         <name>.debug_info</name>
         <load_address>0x797c</load_address>
         <run_address>0x797c</run_address>
         <size>0x283</size>
         <input_file_ref idref="fl-e"/>
      </object_component>
      <object_component id="oc-22d">
         <name>.debug_info</name>
         <load_address>0x7bff</load_address>
         <run_address>0x7bff</run_address>
         <size>0x18b</size>
         <input_file_ref idref="fl-c"/>
      </object_component>
      <object_component id="oc-249">
         <name>.debug_info</name>
         <load_address>0x7d8a</load_address>
         <run_address>0x7d8a</run_address>
         <size>0x153</size>
         <input_file_ref idref="fl-43"/>
      </object_component>
      <object_component id="oc-24d">
         <name>.debug_info</name>
         <load_address>0x7edd</load_address>
         <run_address>0x7edd</run_address>
         <size>0x233</size>
         <input_file_ref idref="fl-3e"/>
      </object_component>
      <object_component id="oc-252">
         <name>.debug_info</name>
         <load_address>0x8110</load_address>
         <run_address>0x8110</run_address>
         <size>0x1d0</size>
         <input_file_ref idref="fl-3e"/>
      </object_component>
      <object_component id="oc-257">
         <name>.debug_info</name>
         <load_address>0x82e0</load_address>
         <run_address>0x82e0</run_address>
         <size>0x259</size>
         <input_file_ref idref="fl-3e"/>
      </object_component>
      <object_component id="oc-258">
         <name>.debug_info</name>
         <load_address>0x8539</load_address>
         <run_address>0x8539</run_address>
         <size>0x2c</size>
         <input_file_ref idref="fl-3"/>
      </object_component>
      <object_component id="oc-25d">
         <name>.debug_info</name>
         <load_address>0x8565</load_address>
         <run_address>0x8565</run_address>
         <size>0x86</size>
         <input_file_ref idref="fl-3e"/>
      </object_component>
      <object_component id="oc-264">
         <name>.debug_info</name>
         <load_address>0x85eb</load_address>
         <run_address>0x85eb</run_address>
         <size>0x2c</size>
         <input_file_ref idref="fl-3c"/>
      </object_component>
      <object_component id="oc-269">
         <name>.debug_info</name>
         <load_address>0x8617</load_address>
         <run_address>0x8617</run_address>
         <size>0x881</size>
         <input_file_ref idref="fl-c"/>
      </object_component>
      <object_component id="oc-26a">
         <name>.debug_info</name>
         <load_address>0x8e98</load_address>
         <run_address>0x8e98</run_address>
         <size>0x2c</size>
         <input_file_ref idref="fl-c"/>
      </object_component>
      <object_component id="oc-270">
         <name>.debug_info</name>
         <load_address>0x8ec4</load_address>
         <run_address>0x8ec4</run_address>
         <size>0x111</size>
         <input_file_ref idref="fl-43"/>
      </object_component>
      <object_component id="oc-272">
         <name>.debug_info</name>
         <load_address>0x8fd5</load_address>
         <run_address>0x8fd5</run_address>
         <size>0x183</size>
         <input_file_ref idref="fl-42"/>
      </object_component>
      <object_component id="oc-278">
         <name>.debug_info</name>
         <load_address>0x9158</load_address>
         <run_address>0x9158</run_address>
         <size>0x1de</size>
         <input_file_ref idref="fl-3e"/>
      </object_component>
      <object_component id="oc-27d">
         <name>.debug_info</name>
         <load_address>0x9336</load_address>
         <run_address>0x9336</run_address>
         <size>0x160</size>
         <input_file_ref idref="fl-41"/>
      </object_component>
      <object_component id="oc-285">
         <name>.debug_info</name>
         <load_address>0x9496</load_address>
         <run_address>0x9496</run_address>
         <size>0x39</size>
         <input_file_ref idref="fl-3e"/>
      </object_component>
      <object_component id="oc-28c">
         <name>.debug_info</name>
         <load_address>0x94cf</load_address>
         <run_address>0x94cf</run_address>
         <size>0x339</size>
         <input_file_ref idref="fl-c"/>
      </object_component>
      <object_component id="oc-291">
         <name>.debug_info</name>
         <load_address>0x9808</load_address>
         <run_address>0x9808</run_address>
         <size>0xb7f</size>
         <input_file_ref idref="fl-c"/>
      </object_component>
      <object_component id="oc-296">
         <name>.debug_info</name>
         <load_address>0xa387</load_address>
         <run_address>0xa387</run_address>
         <size>0x27e</size>
         <input_file_ref idref="fl-c"/>
      </object_component>
      <object_component id="oc-29b">
         <name>.debug_info</name>
         <load_address>0xa605</load_address>
         <run_address>0xa605</run_address>
         <size>0x529</size>
         <input_file_ref idref="fl-c"/>
      </object_component>
      <object_component id="oc-2a3">
         <name>.debug_info</name>
         <load_address>0xab2e</load_address>
         <run_address>0xab2e</run_address>
         <size>0x117</size>
         <input_file_ref idref="fl-42"/>
      </object_component>
      <object_component id="oc-2a5">
         <name>.debug_info</name>
         <load_address>0xac45</load_address>
         <run_address>0xac45</run_address>
         <size>0x15c</size>
         <input_file_ref idref="fl-3e"/>
      </object_component>
      <object_component id="oc-2aa">
         <name>.debug_info</name>
         <load_address>0xada1</load_address>
         <run_address>0xada1</run_address>
         <size>0x19b</size>
         <input_file_ref idref="fl-3e"/>
      </object_component>
      <object_component id="oc-2b0">
         <name>.debug_info</name>
         <load_address>0xaf3c</load_address>
         <run_address>0xaf3c</run_address>
         <size>0x118</size>
         <input_file_ref idref="fl-41"/>
      </object_component>
      <object_component id="oc-2b1">
         <name>.debug_info</name>
         <load_address>0xb054</load_address>
         <run_address>0xb054</run_address>
         <size>0xf6</size>
         <input_file_ref idref="fl-c"/>
      </object_component>
      <object_component id="oc-2b6">
         <name>.debug_info</name>
         <load_address>0xb14a</load_address>
         <run_address>0xb14a</run_address>
         <size>0x69</size>
         <input_file_ref idref="fl-c"/>
      </object_component>
      <object_component id="oc-2bb">
         <name>.debug_info</name>
         <load_address>0xb1b3</load_address>
         <run_address>0xb1b3</run_address>
         <size>0x287</size>
         <input_file_ref idref="fl-c"/>
      </object_component>
      <object_component id="oc-2c0">
         <name>.debug_info</name>
         <load_address>0xb43a</load_address>
         <run_address>0xb43a</run_address>
         <size>0x12a</size>
         <input_file_ref idref="fl-c"/>
      </object_component>
      <object_component id="oc-2c5">
         <name>.debug_info</name>
         <load_address>0xb564</load_address>
         <run_address>0xb564</run_address>
         <size>0x16d</size>
         <input_file_ref idref="fl-c"/>
      </object_component>
      <object_component id="oc-2ca">
         <name>.debug_info</name>
         <load_address>0xb6d1</load_address>
         <run_address>0xb6d1</run_address>
         <size>0x14b</size>
         <input_file_ref idref="fl-c"/>
      </object_component>
      <object_component id="oc-2cf">
         <name>.debug_info</name>
         <load_address>0xb81c</load_address>
         <run_address>0xb81c</run_address>
         <size>0x9f</size>
         <input_file_ref idref="fl-c"/>
      </object_component>
      <object_component id="oc-2d4">
         <name>.debug_info</name>
         <load_address>0xb8bb</load_address>
         <run_address>0xb8bb</run_address>
         <size>0x253</size>
         <input_file_ref idref="fl-c"/>
      </object_component>
      <object_component id="oc-2d9">
         <name>.debug_info</name>
         <load_address>0xbb0e</load_address>
         <run_address>0xbb0e</run_address>
         <size>0x283</size>
         <input_file_ref idref="fl-c"/>
      </object_component>
      <object_component id="oc-2e2">
         <name>.debug_info</name>
         <load_address>0xbd91</load_address>
         <run_address>0xbd91</run_address>
         <size>0x168</size>
         <input_file_ref idref="fl-3e"/>
      </object_component>
      <object_component id="oc-2ea">
         <name>.debug_info</name>
         <load_address>0xbef9</load_address>
         <run_address>0xbef9</run_address>
         <size>0xd3</size>
         <input_file_ref idref="fl-40"/>
      </object_component>
      <object_component id="oc-2ee">
         <name>.debug_info</name>
         <load_address>0xbfcc</load_address>
         <run_address>0xbfcc</run_address>
         <size>0xd4</size>
         <input_file_ref idref="fl-3f"/>
      </object_component>
      <object_component id="oc-32f">
         <name>.debug_info</name>
         <load_address>0xc0a0</load_address>
         <run_address>0xc0a0</run_address>
         <size>0xa8</size>
      </object_component>
      <object_component id="oc-3f">
         <name>.debug_line</name>
         <load_address>0x0</load_address>
         <run_address>0x0</run_address>
         <size>0x4f</size>
         <input_file_ref idref="fl-c"/>
      </object_component>
      <object_component id="oc-45">
         <name>.debug_line</name>
         <load_address>0x4f</load_address>
         <run_address>0x4f</run_address>
         <size>0x50</size>
         <input_file_ref idref="fl-27"/>
      </object_component>
      <object_component id="oc-48">
         <name>.debug_line</name>
         <load_address>0x9f</load_address>
         <run_address>0x9f</run_address>
         <size>0x4a</size>
         <input_file_ref idref="fl-29"/>
      </object_component>
      <object_component id="oc-4e">
         <name>.debug_line</name>
         <load_address>0xe9</load_address>
         <run_address>0xe9</run_address>
         <size>0x49</size>
         <input_file_ref idref="fl-28"/>
      </object_component>
      <object_component id="oc-59">
         <name>.debug_line</name>
         <load_address>0x132</load_address>
         <run_address>0x132</run_address>
         <size>0x3c</size>
         <input_file_ref idref="fl-39"/>
      </object_component>
      <object_component id="oc-5e">
         <name>.debug_line</name>
         <load_address>0x16e</load_address>
         <run_address>0x16e</run_address>
         <size>0x62</size>
         <input_file_ref idref="fl-f"/>
      </object_component>
      <object_component id="oc-63">
         <name>.debug_line</name>
         <load_address>0x1d0</load_address>
         <run_address>0x1d0</run_address>
         <size>0x51</size>
         <input_file_ref idref="fl-f"/>
      </object_component>
      <object_component id="oc-67">
         <name>.debug_line</name>
         <load_address>0x221</load_address>
         <run_address>0x221</run_address>
         <size>0x3e</size>
         <input_file_ref idref="fl-d"/>
      </object_component>
      <object_component id="oc-6c">
         <name>.debug_line</name>
         <load_address>0x25f</load_address>
         <run_address>0x25f</run_address>
         <size>0x76</size>
         <input_file_ref idref="fl-e"/>
      </object_component>
      <object_component id="oc-71">
         <name>.debug_line</name>
         <load_address>0x2d5</load_address>
         <run_address>0x2d5</run_address>
         <size>0x188</size>
         <input_file_ref idref="fl-7"/>
      </object_component>
      <object_component id="oc-76">
         <name>.debug_line</name>
         <load_address>0x45d</load_address>
         <run_address>0x45d</run_address>
         <size>0x3a</size>
         <input_file_ref idref="fl-2b"/>
      </object_component>
      <object_component id="oc-7c">
         <name>.debug_line</name>
         <load_address>0x497</load_address>
         <run_address>0x497</run_address>
         <size>0x45</size>
         <input_file_ref idref="fl-3a"/>
      </object_component>
      <object_component id="oc-82">
         <name>.debug_line</name>
         <load_address>0x4dc</load_address>
         <run_address>0x4dc</run_address>
         <size>0x3a</size>
         <input_file_ref idref="fl-27"/>
      </object_component>
      <object_component id="oc-89">
         <name>.debug_line</name>
         <load_address>0x516</load_address>
         <run_address>0x516</run_address>
         <size>0x34</size>
         <input_file_ref idref="fl-29"/>
      </object_component>
      <object_component id="oc-8f">
         <name>.debug_line</name>
         <load_address>0x54a</load_address>
         <run_address>0x54a</run_address>
         <size>0x80</size>
         <input_file_ref idref="fl-28"/>
      </object_component>
      <object_component id="oc-96">
         <name>.debug_line</name>
         <load_address>0x5ca</load_address>
         <run_address>0x5ca</run_address>
         <size>0x39</size>
         <input_file_ref idref="fl-28"/>
      </object_component>
      <object_component id="oc-9a">
         <name>.debug_line</name>
         <load_address>0x603</load_address>
         <run_address>0x603</run_address>
         <size>0x3c</size>
         <input_file_ref idref="fl-3"/>
      </object_component>
      <object_component id="oc-9d">
         <name>.debug_line</name>
         <load_address>0x63f</load_address>
         <run_address>0x63f</run_address>
         <size>0x2e</size>
         <input_file_ref idref="fl-c"/>
      </object_component>
      <object_component id="oc-a0">
         <name>.debug_line</name>
         <load_address>0x66d</load_address>
         <run_address>0x66d</run_address>
         <size>0x20</size>
         <input_file_ref idref="fl-c"/>
      </object_component>
      <object_component id="oc-b6">
         <name>.debug_line</name>
         <load_address>0x68d</load_address>
         <run_address>0x68d</run_address>
         <size>0x20</size>
         <input_file_ref idref="fl-d"/>
      </object_component>
      <object_component id="oc-ba">
         <name>.debug_line</name>
         <load_address>0x6ad</load_address>
         <run_address>0x6ad</run_address>
         <size>0x40</size>
         <input_file_ref idref="fl-2a"/>
      </object_component>
      <object_component id="oc-c0">
         <name>.debug_line</name>
         <load_address>0x6ed</load_address>
         <run_address>0x6ed</run_address>
         <size>0x4a</size>
         <input_file_ref idref="fl-44"/>
      </object_component>
      <object_component id="oc-cc">
         <name>.debug_line</name>
         <load_address>0x737</load_address>
         <run_address>0x737</run_address>
         <size>0x4a</size>
         <input_file_ref idref="fl-7"/>
      </object_component>
      <object_component id="oc-d6">
         <name>.debug_line</name>
         <load_address>0x781</load_address>
         <run_address>0x781</run_address>
         <size>0x5e</size>
         <input_file_ref idref="fl-7"/>
      </object_component>
      <object_component id="oc-e0">
         <name>.debug_line</name>
         <load_address>0x7df</load_address>
         <run_address>0x7df</run_address>
         <size>0x4e</size>
         <input_file_ref idref="fl-26"/>
      </object_component>
      <object_component id="oc-e5">
         <name>.debug_line</name>
         <load_address>0x82d</load_address>
         <run_address>0x82d</run_address>
         <size>0x55</size>
         <input_file_ref idref="fl-2c"/>
      </object_component>
      <object_component id="oc-ea">
         <name>.debug_line</name>
         <load_address>0x882</load_address>
         <run_address>0x882</run_address>
         <size>0x93</size>
         <input_file_ref idref="fl-2d"/>
      </object_component>
      <object_component id="oc-ee">
         <name>.debug_line</name>
         <load_address>0x915</load_address>
         <run_address>0x915</run_address>
         <size>0x68</size>
         <input_file_ref idref="fl-2e"/>
      </object_component>
      <object_component id="oc-fb">
         <name>.debug_line</name>
         <load_address>0x97d</load_address>
         <run_address>0x97d</run_address>
         <size>0x42</size>
         <input_file_ref idref="fl-3b"/>
      </object_component>
      <object_component id="oc-108">
         <name>.debug_line</name>
         <load_address>0x9bf</load_address>
         <run_address>0x9bf</run_address>
         <size>0x4e</size>
         <input_file_ref idref="fl-f"/>
      </object_component>
      <object_component id="oc-13c">
         <name>.debug_line</name>
         <load_address>0xa0d</load_address>
         <run_address>0xa0d</run_address>
         <size>0x46</size>
         <input_file_ref idref="fl-3c"/>
      </object_component>
      <object_component id="oc-14c">
         <name>.debug_line</name>
         <load_address>0xa53</load_address>
         <run_address>0xa53</run_address>
         <size>0x20</size>
         <input_file_ref idref="fl-3"/>
      </object_component>
      <object_component id="oc-154">
         <name>.debug_line</name>
         <load_address>0xa73</load_address>
         <run_address>0xa73</run_address>
         <size>0x44</size>
         <input_file_ref idref="fl-29"/>
      </object_component>
      <object_component id="oc-159">
         <name>.debug_line</name>
         <load_address>0xab7</load_address>
         <run_address>0xab7</run_address>
         <size>0x44</size>
         <input_file_ref idref="fl-27"/>
      </object_component>
      <object_component id="oc-15d">
         <name>.debug_line</name>
         <load_address>0xafb</load_address>
         <run_address>0xafb</run_address>
         <size>0x20</size>
         <input_file_ref idref="fl-27"/>
      </object_component>
      <object_component id="oc-15f">
         <name>.debug_line</name>
         <load_address>0xb1b</load_address>
         <run_address>0xb1b</run_address>
         <size>0x20</size>
         <input_file_ref idref="fl-29"/>
      </object_component>
      <object_component id="oc-162">
         <name>.debug_line</name>
         <load_address>0xb3b</load_address>
         <run_address>0xb3b</run_address>
         <size>0x20</size>
         <input_file_ref idref="fl-28"/>
      </object_component>
      <object_component id="oc-164">
         <name>.debug_line</name>
         <load_address>0xb5b</load_address>
         <run_address>0xb5b</run_address>
         <size>0x20</size>
         <input_file_ref idref="fl-3"/>
      </object_component>
      <object_component id="oc-166">
         <name>.debug_line</name>
         <load_address>0xb7b</load_address>
         <run_address>0xb7b</run_address>
         <size>0x3b</size>
         <input_file_ref idref="fl-f"/>
      </object_component>
      <object_component id="oc-168">
         <name>.debug_line</name>
         <load_address>0xbb6</load_address>
         <run_address>0xbb6</run_address>
         <size>0x3b</size>
         <input_file_ref idref="fl-f"/>
      </object_component>
      <object_component id="oc-16a">
         <name>.debug_line</name>
         <load_address>0xbf1</load_address>
         <run_address>0xbf1</run_address>
         <size>0x70</size>
         <input_file_ref idref="fl-f"/>
      </object_component>
      <object_component id="oc-16c">
         <name>.debug_line</name>
         <load_address>0xc61</load_address>
         <run_address>0xc61</run_address>
         <size>0x3b</size>
         <input_file_ref idref="fl-f"/>
      </object_component>
      <object_component id="oc-16f">
         <name>.debug_line</name>
         <load_address>0xc9c</load_address>
         <run_address>0xc9c</run_address>
         <size>0x9e</size>
         <input_file_ref idref="fl-e"/>
      </object_component>
      <object_component id="oc-172">
         <name>.debug_line</name>
         <load_address>0xd3a</load_address>
         <run_address>0xd3a</run_address>
         <size>0x84</size>
         <input_file_ref idref="fl-e"/>
      </object_component>
      <object_component id="oc-177">
         <name>.debug_line</name>
         <load_address>0xdbe</load_address>
         <run_address>0xdbe</run_address>
         <size>0x9d</size>
         <input_file_ref idref="fl-e"/>
      </object_component>
      <object_component id="oc-17c">
         <name>.debug_line</name>
         <load_address>0xe5b</load_address>
         <run_address>0xe5b</run_address>
         <size>0x90</size>
         <input_file_ref idref="fl-e"/>
      </object_component>
      <object_component id="oc-181">
         <name>.debug_line</name>
         <load_address>0xeeb</load_address>
         <run_address>0xeeb</run_address>
         <size>0x8b</size>
         <input_file_ref idref="fl-c"/>
      </object_component>
      <object_component id="oc-186">
         <name>.debug_line</name>
         <load_address>0xf76</load_address>
         <run_address>0xf76</run_address>
         <size>0x2e</size>
         <input_file_ref idref="fl-e"/>
      </object_component>
      <object_component id="oc-18b">
         <name>.debug_line</name>
         <load_address>0xfa4</load_address>
         <run_address>0xfa4</run_address>
         <size>0x8e</size>
         <input_file_ref idref="fl-e"/>
      </object_component>
      <object_component id="oc-190">
         <name>.debug_line</name>
         <load_address>0x1032</load_address>
         <run_address>0x1032</run_address>
         <size>0x4e</size>
         <input_file_ref idref="fl-45"/>
      </object_component>
      <object_component id="oc-195">
         <name>.debug_line</name>
         <load_address>0x1080</load_address>
         <run_address>0x1080</run_address>
         <size>0x4f</size>
         <input_file_ref idref="fl-46"/>
      </object_component>
      <object_component id="oc-19a">
         <name>.debug_line</name>
         <load_address>0x10cf</load_address>
         <run_address>0x10cf</run_address>
         <size>0x49</size>
         <input_file_ref idref="fl-47"/>
      </object_component>
      <object_component id="oc-1a0">
         <name>.debug_line</name>
         <load_address>0x1118</load_address>
         <run_address>0x1118</run_address>
         <size>0x49</size>
         <input_file_ref idref="fl-f"/>
[...]
      </symbol>
      <symbol id="sm-6a">
         <name>__c_args__</name>
         <value>0xffffffff</value>
      </symbol>
      <symbol id="sm-a7">
         <name>__TARG__</name>
         <value>0xa0</value>
         <object_component_ref idref="oc-51"/>
      </symbol>
      <symbol id="sm-a8">
         <name>__TRDR__</name>
         <value>0xcc</value>
         <object_component_ref idref="oc-51"/>
      </symbol>
      <symbol id="sm-a9">
         <name>__PLAT__</name>
         <value>0x7c</value>
         <object_component_ref idref="oc-51"/>
      </symbol>
      <symbol id="sm-aa">
         <name>__ISA__</name>
         <value>0x6a</value>
         <object_component_ref idref="oc-51"/>
      </symbol>
      <symbol id="sm-ab">
         <name>__ASM__</name>
         <value>0x0</value>
         <object_component_ref idref="oc-51"/>
      </symbol>
      <symbol id="sm-12f">
         <name>R_word</name>
         <value>0x29b</value>
      </symbol>
      <symbol id="sm-130">
         <name>ACK_Flag1</name>
         <value>0x29a</value>
      </symbol>
      <symbol id="sm-131">
         <name>buff</name>
         <value>0x274</value>
      </symbol>
      <symbol id="sm-132">
         <name>t</name>
         <value>0x290</value>
      </symbol>
      <symbol id="sm-133">
         <name>t1</name>
         <value>0x292</value>
      </symbol>
      <symbol id="sm-134">
         <name>j</name>
         <value>0x286</value>
      </symbol>
      <symbol id="sm-135">
         <name>p</name>
         <value>0x28a</value>
      </symbol>
      <symbol id="sm-136">
         <name>e</name>
         <value>0x284</value>
      </symbol>
      <symbol id="sm-137">
         <name>o</name>
         <value>0x288</value>
      </symbol>
      <symbol id="sm-138">
         <name>dummytemp</name>
         <value>0x27e</value>
      </symbol>
      <symbol id="sm-139">
         <name>set</name>
         <value>0x28c</value>
      </symbol>
      <symbol id="sm-13a">
         <name>aaa</name>
         <value>0x282</value>
      </symbol>
      <symbol id="sm-13b">
         <name>speed1</name>
         <value>0x28e</value>
      </symbol>
      <symbol id="sm-13c">
         <name>tempHigh</name>
         <value>0x294</value>
      </symbol>
      <symbol id="sm-13d">
         <name>tempLow</name>
         <value>0x296</value>
      </symbol>
      <symbol id="sm-13e">
         <name>speed</name>
         <value>0x266</value>
         <object_component_ref idref="oc-112"/>
      </symbol>
      <symbol id="sm-13f">
         <name>Start</name>
         <value>0xcb30</value>
         <object_component_ref idref="oc-1b6"/>
      </symbol>
      <symbol id="sm-140">
         <name>I2C_75_write</name>
         <value>0xcb08</value>
         <object_component_ref idref="oc-ca"/>
      </symbol>
      <symbol id="sm-141">
         <name>setpoint</name>
         <value>0x25c</value>
         <object_component_ref idref="oc-123"/>
      </symbol>
      <symbol id="sm-142">
         <name>TMPADDR</name>
         <value>0x24c</value>
         <object_component_ref idref="oc-c8"/>
      </symbol>
      <symbol id="sm-143">
         <name>ACK_0</name>
         <value>0xcc00</value>
         <object_component_ref idref="oc-1d0"/>
      </symbol>
      <symbol id="sm-144">
         <name>main</name>
         <value>0xc000</value>
         <object_component_ref idref="oc-6f"/>
      </symbol>
      <symbol id="sm-145">
         <name>read_buffer_iic</name>
         <value>0x272</value>
         <object_component_ref idref="oc-d9"/>
      </symbol>
      <symbol id="sm-146">
         <name>recbuffer</name>
         <value>0x228</value>
         <object_component_ref idref="oc-10a"/>
      </symbol>
      <symbol id="sm-147">
         <name>send_array</name>
         <value>0x200</value>
         <object_component_ref idref="oc-101"/>
      </symbol>
      <symbol id="sm-148">
         <name>Receive_Byte</name>
         <value>0xc9ac</value>
         <object_component_ref idref="oc-1cb"/>
      </symbol>
      <symbol id="sm-149">
         <name>ACK</name>
         <value>0xcb7c</value>
         <object_component_ref idref="oc-1c0"/>
      </symbol>
      <symbol id="sm-14a">
         <name>Stop</name>
         <value>0xcbc4</value>
         <object_component_ref idref="oc-1c5"/>
      </symbol>
      <symbol id="sm-14b">
         <name>I2C_75_Read</name>
         <value>0xc726</value>
         <object_component_ref idref="oc-d4"/>
      </symbol>
      <symbol id="sm-14c">
         <name>Send_Byte</name>
         <value>0xca56</value>
         <object_component_ref idref="oc-1bb"/>
      </symbol>
      <symbol id="sm-1b9">
         <name>_c_int00_noexit</name>
         <value>0xcb56</value>
         <object_component_ref idref="oc-3d"/>
      </symbol>
      <symbol id="sm-1ba">
         <name>_c_int00</name>
         <value>0xcb56</value>
         <object_component_ref idref="oc-3d"/>
      </symbol>
      <symbol id="sm-1bb">
         <name>_stack</name>
         <value>0x3c0</value>
         <object_component_ref idref="oc-53"/>
      </symbol>
      <symbol id="sm-1bc">
         <name>_reset_vector</name>
         <value>0xfffe</value>
         <object_component_ref idref="oc-56"/>
      </symbol>
      <symbol id="sm-1c9">
         <name>_system_pre_init</name>
         <value>0xcd56</value>
         <object_component_ref idref="oc-65"/>
      </symbol>
      <symbol id="sm-226">
         <name>_auto_init</name>
         <value>0xc654</value>
         <object_component_ref idref="oc-6a"/>
      </symbol>
      <symbol id="sm-253">
         <name>u</name>
         <value>0x298</value>
      </symbol>
      <symbol id="sm-254">
         <name>__TI_int07</name>
         <value>0xffee</value>
         <object_component_ref idref="oc-35"/>
      </symbol>
      <symbol id="sm-255">
         <name>__TI_int10</name>
         <value>0xfff4</value>
         <object_component_ref idref="oc-38"/>
      </symbol>
      <symbol id="sm-256">
         <name>foo</name>
         <value>0xcd3c</value>
         <object_component_ref idref="oc-105"/>
      </symbol>
      <symbol id="sm-257">
         <name>receive_buffer</name>
         <value>0x23a</value>
         <object_component_ref idref="oc-a6"/>
      </symbol>
      <symbol id="sm-258">
         <name>WDT_ISR_HOOK</name>
         <value>0xcd44</value>
         <object_component_ref idref="oc-60"/>
      </symbol>
      <symbol id="sm-259">
         <name>InterruptVectors_graceInit</name>
         <value>0xcd5e</value>
         <object_component_ref idref="oc-19d"/>
      </symbol>
      <symbol id="sm-25a">
         <name>counter</name>
         <value>0x270</value>
         <object_component_ref idref="oc-a4"/>
      </symbol>
      <symbol id="sm-25b">
         <name>USCI0RX_ISR_HOOK</name>
         <value>0xc83c</value>
         <object_component_ref idref="oc-5b"/>
      </symbol>
      <symbol id="sm-25c">
         <name>Rstorage_buffer</name>
         <value>0x216</value>
         <object_component_ref idref="oc-ad"/>
      </symbol>
      <symbol id="sm-264">
         <name>__mspabi_srai</name>
         <value>0xcab4</value>
         <object_component_ref idref="oc-df"/>
      </symbol>
      <symbol id="sm-265">
         <name>__mspabi_srai_8</name>
         <value>0xcace</value>
         <object_component_ref idref="oc-df"/>
      </symbol>
      <symbol id="sm-266">
         <name>__mspabi_srai_9</name>
         <value>0xcacc</value>
         <object_component_ref idref="oc-df"/>
      </symbol>
      <symbol id="sm-267">
         <name>__mspabi_srai_6</name>
         <value>0xcad2</value>
         <object_component_ref idref="oc-df"/>
      </symbol>
      <symbol id="sm-268">
         <name>__mspabi_srai_7</name>
         <value>0xcad0</value>
         <object_component_ref idref="oc-df"/>
      </symbol>
      <symbol id="sm-269">
         <name>__mspabi_srai_4</name>
         <value>0xcad6</value>
         <object_component_ref idref="oc-df"/>
      </symbol>
      <symbol id="sm-26a">
         <name>__mspabi_srai_5</name>
         <value>0xcad4</value>
         <object_component_ref idref="oc-df"/>
      </symbol>
      <symbol id="sm-26b">
         <name>__mspabi_srai_2</name>
         <value>0xcada</value>
         <object_component_ref idref="oc-df"/>
      </symbol>
      <symbol id="sm-26c">
         <name>__mspabi_srai_3</name>
         <value>0xcad8</value>
         <object_component_ref idref="oc-df"/>
      </symbol>
      <symbol id="sm-26d">
         <name>__mspabi_srai_1</name>
         <value>0xcadc</value>
         <object_component_ref idref="oc-df"/>
      </symbol>
      <symbol id="sm-26e">
         <name>__mspabi_srai_15</name>
         <value>0xcac0</value>
         <object_component_ref idref="oc-df"/>
      </symbol>
      <symbol id="sm-26f">
         <name>__mspabi_srai_14</name>
         <value>0xcac2</value>
         <object_component_ref idref="oc-df"/>
      </symbol>
      <symbol id="sm-270">
         <name>__mspabi_srai_13</name>
         <value>0xcac4</value>
         <object_component_ref idref="oc-df"/>
      </symbol>
      <symbol id="sm-271">
         <name>__mspabi_srai_12</name>
         <value>0xcac6</value>
         <object_component_ref idref="oc-df"/>
      </symbol>
      <symbol id="sm-272">
         <name>__mspabi_srai_11</name>
         <value>0xcac8</value>
         <object_component_ref idref="oc-df"/>
      </symbol>
      <symbol id="sm-273">
         <name>__mspabi_srai_10</name>
         <value>0xcaca</value>
         <object_component_ref idref="oc-df"/>
      </symbol>
      <symbol id="sm-288">
         <name>__TI_decompress_none</name>
         <value>0xccf2</value>
         <object_component_ref idref="oc-42"/>
      </symbol>
      <symbol id="sm-2a8">
         <name>__TI_decompress_rle24</name>
         <value>0xcd50</value>
         <object_component_ref idref="oc-4c"/>
      </symbol>
      <symbol id="sm-2bf">
         <name>__TI_zero_init</name>
         <value>0xcca4</value>
         <object_component_ref idref="oc-47"/>
      </symbol>
      <symbol id="sm-2c7">
         <name>__mspabi_func_epilog_2</name>
         <value>0xcd20</value>
         <object_component_ref idref="oc-b9"/>
      </symbol>
      <symbol id="sm-2c8">
         <name>__mspabi_func_epilog_3</name>
         <value>0xcd1e</value>
         <object_component_ref idref="oc-b9"/>
      </symbol>
      <symbol id="sm-2c9">
         <name>__mspabi_func_epilog_1</name>
         <value>0xcd22</value>
         <object_component_ref idref="oc-b9"/>
      </symbol>
      <symbol id="sm-2ca">
         <name>__mspabi_func_epilog_6</name>
         <value>0xcd18</value>
         <object_component_ref idref="oc-b9"/>
      </symbol>
      <symbol id="sm-2cb">
         <name>__mspabi_func_epilog_7</name>
         <value>0xcd16</value>
         <object_component_ref idref="oc-b9"/>
      </symbol>
      <symbol id="sm-2cc">
         <name>__mspabi_func_epilog_4</name>
         <value>0xcd1c</value>
         <object_component_ref idref="oc-b9"/>
      </symbol>
      <symbol id="sm-2cd">
         <name>__mspabi_func_epilog_5</name>
         <value>0xcd1a</value>
         <object_component_ref idref="oc-b9"/>
      </symbol>
      <symbol id="sm-2d6">
         <name>C$$EXIT</name>
         <value>0xcd5a</value>
         <object_component_ref idref="oc-74"/>
      </symbol>
      <symbol id="sm-2d7">
         <name>abort</name>
         <value>0xcd5a</value>
         <object_component_ref idref="oc-74"/>
      </symbol>
      <symbol id="sm-2e3">
         <name>__mspabi_fltif</name>
         <value>0xca20</value>
         <object_component_ref idref="oc-e4"/>
      </symbol>
      <symbol id="sm-2f9">
         <name>__mspabi_mpyf</name>
         <value>0xc592</value>
         <object_component_ref idref="oc-e8"/>
      </symbol>
      <symbol id="sm-30a">
         <name>__mspabi_fixfi</name>
         <value>0xc6be</value>
         <object_component_ref idref="oc-ec"/>
      </symbol>
      <symbol id="sm-30d">
         <name>__TI_int02</name>
         <value>0xffe4</value>
         <object_component_ref idref="oc-31"/>
      </symbol>
      <symbol id="sm-310">
         <name>__TI_int03</name>
         <value>0xffe6</value>
         <object_component_ref idref="oc-32"/>
      </symbol>
      <symbol id="sm-313">
         <name>__TI_int05</name>
         <value>0xffea</value>
         <object_component_ref idref="oc-33"/>
      </symbol>
      <symbol id="sm-316">
         <name>__TI_int06</name>
         <value>0xffec</value>
         <object_component_ref idref="oc-34"/>
      </symbol>
      <symbol id="sm-319">
         <name>__TI_int08</name>
         <value>0xfff0</value>
         <object_component_ref idref="oc-36"/>
      </symbol>
      <symbol id="sm-31c">
         <name>__TI_int09</name>
         <value>0xfff2</value>
         <object_component_ref idref="oc-37"/>
      </symbol>
      <symbol id="sm-31f">
         <name>__TI_int11</name>
         <value>0xfff6</value>
         <object_component_ref idref="oc-39"/>
      </symbol>
      <symbol id="sm-322">
         <name>__TI_int12</name>
         <value>0xfff8</value>
         <object_component_ref idref="oc-3a"/>
      </symbol>
      <symbol id="sm-325">
         <name>__TI_int13</name>
         <value>0xfffa</value>
         <object_component_ref idref="oc-3b"/>
      </symbol>
      <symbol id="sm-328">
         <name>__TI_int14</name>
         <value>0xfffc</value>
         <object_component_ref idref="oc-3c"/>
      </symbol>
      <symbol id="sm-32f">
         <name>__TI_ISR_TRAP</name>
         <value>0xcd4a</value>
         <object_component_ref idref="oc-57"/>
      </symbol>
      <symbol id="sm-33c">
         <name>memcpy</name>
         <value>0xcd04</value>
         <object_component_ref idref="oc-7a"/>
      </symbol>
      <symbol id="sm-345">
         <name>__mspabi_mpyi</name>
         <value>0xcccc</value>
         <object_component_ref idref="oc-fa"/>
      </symbol>
      <symbol id="sm-363">
         <name>sprintf</name>
         <value>0xc9e8</value>
         <object_component_ref idref="oc-13a"/>
      </symbol>
      <symbol id="sm-3c4">
         <name>__TI_printfi_minimal</name>
         <value>0xc4c8</value>
         <object_component_ref idref="oc-1f2"/>
      </symbol>
      <symbol id="sm-3cd">
         <name>__mspabi_remu</name>
         <value>0xcc66</value>
         <object_component_ref idref="oc-2ed"/>
      </symbol>
      <symbol id="sm-3ce">
         <name>__mspabi_divu</name>
         <value>0xcc66</value>
         <object_component_ref idref="oc-2ed"/>
      </symbol>
      <symbol id="sm-3d5">
         <name>__mspabi_srli_8</name>
         <value>0xc906</value>
         <object_component_ref idref="oc-2e9"/>
      </symbol>
      <symbol id="sm-3d6">
         <name>__mspabi_srli_9</name>
         <value>0xc902</value>
         <object_component_ref idref="oc-2e9"/>
      </symbol>
      <symbol id="sm-3d7">
         <name>__mspabi_srli_6</name>
         <value>0xc90e</value>
         <object_component_ref idref="oc-2e9"/>
      </symbol>
      <symbol id="sm-3d8">
         <name>__mspabi_srli_7</name>
         <value>0xc90a</value>
         <object_component_ref idref="oc-2e9"/>
      </symbol>
      <symbol id="sm-3d9">
         <name>__mspabi_srli_4</name>
         <value>0xc916</value>
         <object_component_ref idref="oc-2e9"/>
      </symbol>
      <symbol id="sm-3da">
         <name>__mspabi_srli_5</name>
         <value>0xc912</value>
         <object_component_ref idref="oc-2e9"/>
      </symbol>
      <symbol id="sm-3db">
         <name>__mspabi_srli_2</name>
         <value>0xc91e</value>
         <object_component_ref idref="oc-2e9"/>
      </symbol>
      <symbol id="sm-3dc">
         <name>__mspabi_srli_3</name>
         <value>0xc91a</value>
         <object_component_ref idref="oc-2e9"/>
      </symbol>
      <symbol id="sm-3dd">
         <name>__mspabi_srli_1</name>
         <value>0xc922</value>
         <object_component_ref idref="oc-2e9"/>
      </symbol>
      <symbol id="sm-3de">
         <name>__mspabi_srli</name>
         <value>0xc8dc</value>
         <object_component_ref idref="oc-2e9"/>
      </symbol>
      <symbol id="sm-3df">
         <name>__mspabi_srli_15</name>
         <value>0xc8ea</value>
         <object_component_ref idref="oc-2e9"/>
      </symbol>
      <symbol id="sm-3e0">
         <name>__mspabi_srli_14</name>
         <value>0xc8ee</value>
         <object_component_ref idref="oc-2e9"/>
      </symbol>
      <symbol id="sm-3e1">
         <name>__mspabi_srli_13</name>
         <value>0xc8f2</value>
         <object_component_ref idref="oc-2e9"/>
      </symbol>
      <symbol id="sm-3e2">
         <name>__mspabi_srli_12</name>
         <value>0xc8f6</value>
         <object_component_ref idref="oc-2e9"/>
      </symbol>
      <symbol id="sm-3e3">
         <name>__mspabi_srli_11</name>
         <value>0xc8fa</value>
         <object_component_ref idref="oc-2e9"/>
      </symbol>
      <symbol id="sm-3e4">
         <name>__mspabi_srli_10</name>
         <value>0xc8fe</value>
         <object_component_ref idref="oc-2e9"/>
      </symbol>
      <symbol id="sm-3f2">
         <name>memccpy</name>
         <value>0xcbe4</value>
         <object_component_ref idref="oc-27c"/>
      </symbol>
      <symbol id="sm-3ff">
         <name>memset</name>
         <value>0xccb8</value>
         <object_component_ref idref="oc-271"/>
      </symbol>
      <symbol id="sm-40b">
         <name>strlen</name>
         <value>0xcd26</value>
         <object_component_ref idref="oc-247"/>
      </symbol>
      <symbol id="sm-413">
         <name>Grace_init</name>
         <value>0xcba0</value>
         <object_component_ref idref="oc-bf"/>
      </symbol>
      <symbol id="sm-41b">
         <name>GPIO_graceInit</name>
         <value>0xc96e</value>
         <object_component_ref idref="oc-18e"/>
      </symbol>
      <symbol id="sm-424">
         <name>BCSplus_graceInit</name>
         <value>0xcae0</value>
         <object_component_ref idref="oc-193"/>
      </symbol>
      <symbol id="sm-42c">
         <name>USCI_A0_graceInit</name>
         <value>0xcc1a</value>
         <object_component_ref idref="oc-198"/>
      </symbol>
      <symbol id="sm-434">
         <name>Timer1_A3_graceInit</name>
         <value>0xcc90</value>
         <object_component_ref idref="oc-1a2"/>
      </symbol>
      <symbol id="sm-43c">
         <name>System_graceInit</name>
         <value>0xcc7c</value>
         <object_component_ref idref="oc-1a7"/>
      </symbol>
      <symbol id="sm-444">
         <name>WDTplus_graceInit</name>
         <value>0xcd34</value>
         <object_component_ref idref="oc-1ac"/>
      </symbol>
      <symbol id="sm-445">
         <name>__TI_INITARRAY_Base</name>
         <value>0x0</value>
      </symbol>
      <symbol id="sm-446">
         <name>__TI_INITARRAY_Limit</name>
         <value>0x0</value>
      </symbol>
      <symbol id="sm-447">
         <name>__TI_args_main</name>
         <value>0x1</value>
      </symbol>
      <symbol id="sm-448">
         <name>__TI_exit</name>
         <value>0x1</value>
      </symbol>
   </symbol_table>
   <title>Link successful</title>
</link_info>
